Archive member included to satisfy reference by file (symbol)

/usr/lib/gcc/arm-none-eabi/12.2.0/thumb/v6-m/nofp/libgcc.a(_dvmd_tls.o)
                              CMakeFiles/atcmd.dir/usr/share/pico_sdk/src/rp2_common/pico_divider/divider.S.obj (__aeabi_idiv0)
/usr/lib/gcc/arm-none-eabi/12.2.0/../../../../arm-none-eabi/lib/thumb/v6-m/nofp/libc.a(lib_a-atexit.o)
                              /usr/lib/gcc/arm-none-eabi/12.2.0/../../../../arm-none-eabi/lib/thumb/v6-m/nofp/crt0.o (atexit)
/usr/lib/gcc/arm-none-eabi/12.2.0/../../../../arm-none-eabi/lib/thumb/v6-m/nofp/libc.a(lib_a-calloc.o)
                              CMakeFiles/atcmd.dir/usr/share/pico_sdk/src/rp2_common/pico_malloc/pico_malloc.c.obj (calloc)
/usr/lib/gcc/arm-none-eabi/12.2.0/../../../../arm-none-eabi/lib/thumb/v6-m/nofp/libc.a(lib_a-callocr.o)
                              /usr/lib/gcc/arm-none-eabi/12.2.0/../../../../arm-none-eabi/lib/thumb/v6-m/nofp/libc.a(lib_a-calloc.o) (_calloc_r)
/usr/lib/gcc/arm-none-eabi/12.2.0/../../../../arm-none-eabi/lib/thumb/v6-m/nofp/libc.a(lib_a-ctype_.o)
                              CMakeFiles/atcmd.dir/atcmd.c.obj (_ctype_)
/usr/lib/gcc/arm-none-eabi/12.2.0/../../../../arm-none-eabi/lib/thumb/v6-m/nofp/libc.a(lib_a-errno.o)
                              /usr/lib/gcc/arm-none-eabi/12.2.0/../../../../arm-none-eabi/lib/thumb/v6-m/nofp/libc.a(lib_a-callocr.o) (__errno)
/usr/lib/gcc/arm-none-eabi/12.2.0/../../../../arm-none-eabi/lib/thumb/v6-m/nofp/libc.a(lib_a-fini.o)
                              /usr/lib/gcc/arm-none-eabi/12.2.0/../../../../arm-none-eabi/lib/thumb/v6-m/nofp/crt0.o (__libc_fini_array)
/usr/lib/gcc/arm-none-eabi/12.2.0/../../../../arm-none-eabi/lib/thumb/v6-m/nofp/libc.a(lib_a-impure.o)
                              /usr/lib/gcc/arm-none-eabi/12.2.0/../../../../arm-none-eabi/lib/thumb/v6-m/nofp/libc.a(lib_a-calloc.o) (_impure_ptr)
/usr/lib/gcc/arm-none-eabi/12.2.0/../../../../arm-none-eabi/lib/thumb/v6-m/nofp/libc.a(lib_a-init.o)
                              /usr/lib/gcc/arm-none-eabi/12.2.0/../../../../arm-none-eabi/lib/thumb/v6-m/nofp/crt0.o (__libc_init_array)
/usr/lib/gcc/arm-none-eabi/12.2.0/../../../../arm-none-eabi/lib/thumb/v6-m/nofp/libc.a(lib_a-malloc.o)
                              CMakeFiles/atcmd.dir/usr/share/pico_sdk/src/rp2_common/pico_malloc/pico_malloc.c.obj (malloc)
/usr/lib/gcc/arm-none-eabi/12.2.0/../../../../arm-none-eabi/lib/thumb/v6-m/nofp/libc.a(lib_a-mallocr.o)
                              /usr/lib/gcc/arm-none-eabi/12.2.0/../../../../arm-none-eabi/lib/thumb/v6-m/nofp/libc.a(lib_a-callocr.o) (_malloc_r)
/usr/lib/gcc/arm-none-eabi/12.2.0/../../../../arm-none-eabi/lib/thumb/v6-m/nofp/libc.a(lib_a-mlock.o)
                              /usr/lib/gcc/arm-none-eabi/12.2.0/../../../../arm-none-eabi/lib/thumb/v6-m/nofp/libc.a(lib_a-mallocr.o) (__malloc_lock)
/usr/lib/gcc/arm-none-eabi/12.2.0/../../../../arm-none-eabi/lib/thumb/v6-m/nofp/libc.a(lib_a-realloc.o)
                              CMakeFiles/atcmd.dir/usr/share/pico_sdk/src/rp2_common/pico_malloc/pico_malloc.c.obj (realloc)
/usr/lib/gcc/arm-none-eabi/12.2.0/../../../../arm-none-eabi/lib/thumb/v6-m/nofp/libc.a(lib_a-reallocr.o)
                              /usr/lib/gcc/arm-none-eabi/12.2.0/../../../../arm-none-eabi/lib/thumb/v6-m/nofp/libc.a(lib_a-realloc.o) (_realloc_r)
/usr/lib/gcc/arm-none-eabi/12.2.0/../../../../arm-none-eabi/lib/thumb/v6-m/nofp/libc.a(lib_a-sbrkr.o)
                              /usr/lib/gcc/arm-none-eabi/12.2.0/../../../../arm-none-eabi/lib/thumb/v6-m/nofp/libc.a(lib_a-mallocr.o) (_sbrk_r)
/usr/lib/gcc/arm-none-eabi/12.2.0/../../../../arm-none-eabi/lib/thumb/v6-m/nofp/libc.a(lib_a-sscanf.o)
                              CMakeFiles/atcmd.dir/atcmd.c.obj (sscanf)
/usr/lib/gcc/arm-none-eabi/12.2.0/../../../../arm-none-eabi/lib/thumb/v6-m/nofp/libc.a(lib_a-stdio.o)
                              /usr/lib/gcc/arm-none-eabi/12.2.0/../../../../arm-none-eabi/lib/thumb/v6-m/nofp/libc.a(lib_a-sscanf.o) (__seofread)
/usr/lib/gcc/arm-none-eabi/12.2.0/../../../../arm-none-eabi/lib/thumb/v6-m/nofp/libc.a(lib_a-strchr.o)
                              CMakeFiles/atcmd.dir/atcmd.c.obj (strchr)
/usr/lib/gcc/arm-none-eabi/12.2.0/../../../../arm-none-eabi/lib/thumb/v6-m/nofp/libc.a(lib_a-strlen-stub.o)
                              CMakeFiles/atcmd.dir/usr/share/pico_sdk/src/rp2_common/pico_stdio/stdio.c.obj (strlen)
/usr/lib/gcc/arm-none-eabi/12.2.0/../../../../arm-none-eabi/lib/thumb/v6-m/nofp/libc.a(lib_a-strncmp.o)
                              CMakeFiles/atcmd.dir/atcmd.c.obj (strncmp)
/usr/lib/gcc/arm-none-eabi/12.2.0/../../../../arm-none-eabi/lib/thumb/v6-m/nofp/libc.a(lib_a-svfscanf.o)
                              /usr/lib/gcc/arm-none-eabi/12.2.0/../../../../arm-none-eabi/lib/thumb/v6-m/nofp/libc.a(lib_a-sscanf.o) (__ssvfscanf_r)
/usr/lib/gcc/arm-none-eabi/12.2.0/../../../../arm-none-eabi/lib/thumb/v6-m/nofp/libc.a(lib_a-writer.o)
[...]
Memory Configuration

Name             Origin             Length             Attributes
FLASH            0x0000000010000000 0x0000000000200000 xr
RAM              0x0000000020000000 0x0000000000040000 xrw
SCRATCH_X        0x0000000020040000 0x0000000000001000 xrw
SCRATCH_Y        0x0000000020041000 0x0000000000001000 xrw
*default*        0x0000000000000000 0xffffffffffffffff

Linker script and memory map

LOAD /usr/lib/gcc/arm-none-eabi/12.2.0/thumb/v6-m/nofp/crti.o
LOAD /usr/lib/gcc/arm-none-eabi/12.2.0/thumb/v6-m/nofp/crtbegin.o
LOAD /usr/lib/gcc/arm-none-eabi/12.2.0/../../../../arm-none-eabi/lib/thumb/v6-m/nofp/crt0.o

.flash_begin    0x0000000010000000        0x0
                0x0000000010000000                __flash_binary_start = .

.boot2          0x0000000010000000      0x100
                0x0000000010000000                __boot2_start__ = .
 *(.boot2)
 .boot2         0x0000000010000000      0x100 /tmp/ccOelmlc.o
                0x0000000010000100                __boot2_end__ = .
                0x0000000000000001                ASSERT (((__boot2_end__ - __boot2_start__) == 0x100), ERROR: Pico second stage bootloader must be 256 bytes in size)

.text           0x0000000010000100     0xbec8
                0x0000000010000100                __logical_binary_start = .
 *(.vectors)
 .vectors       0x0000000010000100       0xd4 CMakeFiles/atcmd.dir/usr/share/pico_sdk/src/rp2_common/pico_standard_link/crt0.S.obj
                0x0000000010000100                __vectors
                0x0000000010000100                __VECTOR_TABLE
                0x00000000100001c0                __default_isrs_start
                0x00000000100001c0                isr_invalid
                0x00000000100001c2                isr_nmi
                0x00000000100001c4                isr_hardfault
                0x00000000100001c6                isr_svcall
                0x00000000100001c8                isr_pendsv
                0x00000000100001ca                isr_systick
                0x00000000100001cc                isr_irq5
                0x00000000100001cc                isr_irq18
                0x00000000100001cc                isr_irq23
                0x00000000100001cc                isr_irq28
                0x00000000100001cc                isr_irq19
                0x00000000100001cc                isr_irq11
                0x00000000100001cc                isr_irq27
                0x00000000100001cc                __unhandled_user_irq
                0x00000000100001cc                isr_irq30
                0x00000000100001cc                isr_irq22
                0x00000000100001cc                isr_irq6
                0x00000000100001cc                isr_irq2
                0x00000000100001cc                isr_irq14
                0x00000000100001cc                isr_irq17
                0x00000000100001cc                isr_irq10
                0x00000000100001cc                isr_irq13
                0x00000000100001cc                isr_irq31
                0x00000000100001cc                isr_irq0
                0x00000000100001cc                isr_irq24
                0x00000000100001cc                isr_irq7
                0x00000000100001cc                isr_irq8
                0x00000000100001cc                isr_irq20
                0x00000000100001cc                isr_irq15
                0x00000000100001cc                isr_irq25
                0x00000000100001cc                isr_irq1
                0x00000000100001cc                isr_irq21
                0x00000000100001cc                isr_irq4
                0x00000000100001cc                isr_irq16
                0x00000000100001cc                isr_irq29
                0x00000000100001cc                isr_irq26
                0x00000000100001cc                __default_isrs_end
                0x00000000100001cc                isr_irq3
                0x00000000100001cc                isr_irq9
                0x00000000100001cc                isr_irq12
                0x00000000100001d2                unhandled_user_irq_num_in_r0
 *(.binary_info_header)
 .binary_info_header
                0x00000000100001d4       0x14 CMakeFiles/atcmd.dir/usr/share/pico_sdk/src/rp2_common/pico_standard_link/crt0.S.obj
                0x00000000100001e8                __binary_info_header_end = .
 *(.reset)
 .reset         0x00000000100001e8       0xa0 CMakeFiles/atcmd.dir/usr/share/pico_sdk/src/rp2_common/pico_standard_link/crt0.S.obj
                0x00000000100001e8                _entry_point
 .reset         0x0000000010000288       0x30 CMakeFiles/atcmd.dir/usr/share/pico_sdk/src/rp2_common/pico_standard_link/binary_info.c.obj
 *(.init)
 .init          0x00000000100002b8        0x4 /usr/lib/gcc/arm-none-eabi/12.2.0/thumb/v6-m/nofp/crti.o
                0x00000000100002b8                _init
 *(EXCLUDE_FILE(*libm.a: *libc.a:*lib_a-mem*.o *libgcc.a:) .text*)
 .text.frame_dummy
                0x00000000100002bc       0x20 /usr/lib/gcc/arm-none-eabi/12.2.0/thumb/v6-m/nofp/crtbegin.o
 .text.parse_cmd
                0x00000000100002dc      0x11c CMakeFiles/atcmd.dir/atcmd.c.obj
                0x00000000100002dc                parse_cmd
 .text.startup.main
                0x00000000100003f8       0x70 CMakeFiles/atcmd.dir/atcmd.c.obj
                0x00000000100003f8                main
 .text.running_on_fpga
                0x0000000010000468       0x10 CMakeFiles/atcmd.dir/usr/share/pico_sdk/src/rp2_common/pico_platform/platform.c.obj
                0x0000000010000468                running_on_fpga
 .text.hw_claim_or_assert
                0x0000000010000478       0x44 CMakeFiles/atcmd.dir/usr/share/pico_sdk/src/rp2_common/hardware_claim/claim.c.obj
                0x0000000010000478                hw_claim_or_assert
 .text.hw_claim_unused_from_range
                0x00000000100004bc       0x9c CMakeFiles/atcmd.dir/usr/share/pico_sdk/src/rp2_common/hardware_claim/claim.c.obj
                0x00000000100004bc                hw_claim_unused_from_range
 .text.spin_locks_reset
                0x0000000010000558       0x1c CMakeFiles/atcmd.dir/usr/share/pico_sdk/src/rp2_common/hardware_sync/sync.c.obj
                0x0000000010000558                spin_locks_reset
 .text.next_striped_spin_lock_num
                0x0000000010000574       0x18 CMakeFiles/atcmd.dir/usr/share/pico_sdk/src/rp2_common/hardware_sync/sync.c.obj
                0x0000000010000574                next_striped_spin_lock_num
 .text.spin_lock_claim_unused
                0x000000001000058c       0x24 CMakeFiles/atcmd.dir/usr/share/pico_sdk/src/rp2_common/hardware_sync/sync.c.obj
                0x000000001000058c                spin_lock_claim_unused
 .text.irq_set_enabled
                0x00000000100005b0       0x24 CMakeFiles/atcmd.dir/usr/share/pico_sdk/src/rp2_common/hardware_irq/irq.c.obj
                0x00000000100005b0                irq_set_enabled
 .text.irq_set_pending
                0x00000000100005d4       0x10 CMakeFiles/atcmd.dir/usr/share/pico_sdk/src/rp2_common/hardware_irq/irq.c.obj
                0x00000000100005d4                irq_set_pending
 .text.irq_has_shared_handler
                0x00000000100005e4       0x2c CMakeFiles/atcmd.dir/usr/share/pico_sdk/src/rp2_common/hardware_irq/irq.c.obj
                0x00000000100005e4                irq_has_shared_handler
 .text.irq_get_vtable_handler
                0x0000000010000610       0x10 CMakeFiles/atcmd.dir/usr/share/pico_sdk/src/rp2_common/hardware_irq/irq.c.obj
                0x0000000010000610                irq_get_vtable_handler
 .text.irq_set_exclusive_handler
                0x0000000010000620       0x54 CMakeFiles/atcmd.dir/usr/share/pico_sdk/src/rp2_common/hardware_irq/irq.c.obj
                0x0000000010000620                irq_set_exclusive_handler
 .text.irq_add_shared_handler
                0x0000000010000674      0x1e0 CMakeFiles/atcmd.dir/usr/share/pico_sdk/src/rp2_common/hardware_irq/irq.c.obj
                0x0000000010000674                irq_add_shared_handler
 .text.irq_remove_handler
                0x0000000010000854      0x1c4 CMakeFiles/atcmd.dir/usr/share/pico_sdk/src/rp2_common/hardware_irq/irq.c.obj
                0x0000000010000854                irq_remove_handler
 .text.irq_add_tail_to_free_list
                0x0000000010000a18       0xb4 CMakeFiles/atcmd.dir/usr/share/pico_sdk/src/rp2_common/hardware_irq/irq.c.obj
                0x0000000010000a18                irq_add_tail_to_free_list
 .text.irq_init_priorities
                0x0000000010000acc       0x24 CMakeFiles/atcmd.dir/usr/share/pico_sdk/src/rp2_common/hardware_irq/irq.c.obj
                0x0000000010000acc                irq_init_priorities
 .text.user_irq_claim_unused
                0x0000000010000af0       0x2c CMakeFiles/atcmd.dir/usr/share/pico_sdk/src/rp2_common/hardware_irq/irq.c.obj
                0x0000000010000af0                user_irq_claim_unused
 .text.lock_init
                0x0000000010000b1c       0x10 CMakeFiles/atcmd.dir/usr/share/pico_sdk/src/common/pico_sync/lock_core.c.obj
                0x0000000010000b1c                lock_init
 .text.mutex_init
                0x0000000010000b2c       0x1c CMakeFiles/atcmd.dir/usr/share/pico_sdk/src/common/pico_sync/mutex.c.obj
                0x0000000010000b2c                mutex_init
 .text.recursive_mutex_init
                0x0000000010000b48       0x1c CMakeFiles/atcmd.dir/usr/share/pico_sdk/src/common/pico_sync/mutex.c.obj
                0x0000000010000b48                recursive_mutex_init
 .text.critical_section_init
                0x0000000010000b64       0x1c CMakeFiles/atcmd.dir/usr/share/pico_sdk/src/common/pico_sync/critical_section.c.obj
                0x0000000010000b64                critical_section_init
 .text.critical_section_init_with_lock_num
                0x0000000010000b80       0x14 CMakeFiles/atcmd.dir/usr/share/pico_sdk/src/common/pico_sync/critical_section.c.obj
                0x0000000010000b80                critical_section_init_with_lock_num
 .text.timer_pool_entry_comparator
                0x0000000010000b94       0x34 CMakeFiles/atcmd.dir/usr/share/pico_sdk/src/common/pico_time/time.c.obj
                0x0000000010000b94                timer_pool_entry_comparator
 .text.sleep_until_callback
                0x0000000010000bc8       0x30 CMakeFiles/atcmd.dir/usr/share/pico_sdk/src/common/pico_time/time.c.obj
 .text.add_alarm_under_lock.isra.0
                0x0000000010000bf8       0xf8 CMakeFiles/atcmd.dir/usr/share/pico_sdk/src/common/pico_time/time.c.obj
 .text.alarm_pool_alarm_callback
                0x0000000010000cf0      0x1c0 CMakeFiles/atcmd.dir/usr/share/pico_sdk/src/common/pico_time/time.c.obj
 .text.alarm_pool_init_default
                0x0000000010000eb0       0x6c CMakeFiles/atcmd.dir/usr/share/pico_sdk/src/common/pico_time/time.c.obj
                0x0000000010000eb0                alarm_pool_init_default
 .text.alarm_pool_get_default
                0x0000000010000f1c        0x8 CMakeFiles/atcmd.dir/usr/share/pico_sdk/src/common/pico_time/time.c.obj
                0x0000000010000f1c                alarm_pool_get_default
 .text.alarm_pool_add_alarm_at
                0x0000000010000f24      0x17c CMakeFiles/atcmd.dir/usr/share/pico_sdk/src/common/pico_time/time.c.obj
                0x0000000010000f24                alarm_pool_add_alarm_at
 .text.alarm_pool_core_num
                0x00000000100010a0        0x4 CMakeFiles/atcmd.dir/usr/share/pico_sdk/src/common/pico_time/time.c.obj
                0x00000000100010a0                alarm_pool_core_num
 .text.best_effort_wfe_or_timeout
                0x00000000100010a4       0xcc CMakeFiles/atcmd.dir/usr/share/pico_sdk/src/common/pico_time/time.c.obj
                0x00000000100010a4                best_effort_wfe_or_timeout
 .text.hardware_alarm_irq_handler
                0x0000000010001170       0xbc CMakeFiles/atcmd.dir/usr/share/pico_sdk/src/rp2_common/hardware_timer/timer.c.obj
 .text.hardware_alarm_claim
                0x000000001000122c       0x18 CMakeFiles/atcmd.dir/usr/share/pico_sdk/src/rp2_common/hardware_timer/timer.c.obj
                0x000000001000122c                hardware_alarm_claim
 .text.time_us_64
                0x0000000010001244       0x14 CMakeFiles/atcmd.dir/usr/share/pico_sdk/src/rp2_common/hardware_timer/timer.c.obj
                0x0000000010001244                time_us_64
 .text.busy_wait_us
                0x0000000010001258       0x68 CMakeFiles/atcmd.dir/usr/share/pico_sdk/src/rp2_common/hardware_timer/timer.c.obj
                0x0000000010001258                busy_wait_us
 .text.hardware_alarm_set_callback
                0x00000000100012c0       0x8c CMakeFiles/atcmd.dir/usr/share/pico_sdk/src/rp2_common/hardware_timer/timer.c.obj
                0x00000000100012c0                hardware_alarm_set_callback
 .text.hardware_alarm_set_target
                0x000000001000134c       0xd0 CMakeFiles/atcmd.dir/usr/share/pico_sdk/src/rp2_common/hardware_timer/timer.c.obj
                0x000000001000134c                hardware_alarm_set_target
 .text.hardware_alarm_cancel
                0x000000001000141c       0x3c CMakeFiles/atcmd.dir/usr/share/pico_sdk/src/rp2_common/hardware_timer/timer.c.obj
                0x000000001000141c                hardware_alarm_cancel
 .text.ph_merge_nodes
                0x0000000010001458       0x58 CMakeFiles/atcmd.dir/usr/share/pico_sdk/src/common/pico_util/pheap.c.obj
 .text.ph_post_alloc_init
                0x00000000100014b0       0x3c CMakeFiles/atcmd.dir/usr/share/pico_sdk/src/common/pico_util/pheap.c.obj
                0x00000000100014b0                ph_post_alloc_init
 .text.ph_merge_two_pass
                0x00000000100014ec       0x8c CMakeFiles/atcmd.dir/usr/share/pico_sdk/src/common/pico_util/pheap.c.obj
                0x00000000100014ec                ph_merge_two_pass
 .text.ph_remove_any_head
                0x0000000010001578      0x100 CMakeFiles/atcmd.dir/usr/share/pico_sdk/src/common/pico_util/pheap.c.obj
 .text.ph_remove_head
                0x0000000010001678      0x104 CMakeFiles/atcmd.dir/usr/share/pico_sdk/src/common/pico_util/pheap.c.obj
                0x0000000010001678                ph_remove_head
 .text.ph_remove_and_free_node
                0x000000001000177c       0x78 CMakeFiles/atcmd.dir/usr/share/pico_sdk/src/common/pico_util/pheap.c.obj
                0x000000001000177c                ph_remove_and_free_node
 .text.clocks_init
                0x00000000100017f4      0x2c8 CMakeFiles/atcmd.dir/usr/share/pico_sdk/src/rp2_common/hardware_clocks/clocks.c.obj
                0x00000000100017f4                clocks_init
 .text.pll_init
                0x0000000010001abc       0xa0 CMakeFiles/atcmd.dir/usr/share/pico_sdk/src/rp2_common/hardware_pll/pll.c.obj
                0x0000000010001abc                pll_init
 .text.watchdog_start_tick
                0x0000000010001b5c       0x10 CMakeFiles/atcmd.dir/usr/share/pico_sdk/src/rp2_common/hardware_watchdog/watchdog.c.obj
                0x0000000010001b5c                watchdog_start_tick
 .text.watchdog_reboot
                0x0000000010001b6c       0x9c CMakeFiles/atcmd.dir/usr/share/pico_sdk/src/rp2_common/hardware_watchdog/watchdog.c.obj
                0x0000000010001b6c                watchdog_reboot
 .text.xosc_init
                0x0000000010001c08       0x28 CMakeFiles/atcmd.dir/usr/share/pico_sdk/src/rp2_common/hardware_xosc/xosc.c.obj
                0x0000000010001c08                xosc_init
 .text.runtime_init
                0x0000000010001c30       0xec CMakeFiles/atcmd.dir/usr/share/pico_sdk/src/rp2_common/pico_runtime/runtime.c.obj
                0x0000000010001c30                runtime_init
 .text._exit    0x0000000010001d1c        0x4 CMakeFiles/atcmd.dir/usr/share/pico_sdk/src/rp2_common/pico_runtime/runtime.c.obj
                0x0000000010001d1c                _exit
 .text._sbrk    0x0000000010001d20       0x34 CMakeFiles/atcmd.dir/usr/share/pico_sdk/src/rp2_common/pico_runtime/runtime.c.obj
                0x0000000010001d20                _sbrk
 .text.exit     0x0000000010001d54        0x8 CMakeFiles/atcmd.dir/usr/share/pico_sdk/src/rp2_common/pico_runtime/runtime.c.obj
                0x0000000010001d54                exit
 .text.__assert_func
                0x0000000010001d5c       0x38 CMakeFiles/atcmd.dir/usr/share/pico_sdk/src/rp2_common/pico_runtime/runtime.c.obj
                0x0000000010001d5c                __assert_func
 .text.panic    0x0000000010001d94       0x30 CMakeFiles/atcmd.dir/usr/share/pico_sdk/src/rp2_common/pico_runtime/runtime.c.obj
                0x0000000010001d94                panic
 .text.hard_assertion_failure
                0x0000000010001dc4        0xc CMakeFiles/atcmd.dir/usr/share/pico_sdk/src/rp2_common/pico_runtime/runtime.c.obj
                0x0000000010001dc4                hard_assertion_failure
 .text._out_buffer
                0x0000000010001dd0        0x8 CMakeFiles/atcmd.dir/usr/share/pico_sdk/src/rp2_common/pico_printf/printf.c.obj
 .text._out_null
                0x0000000010001dd8        0x4 CMakeFiles/atcmd.dir/usr/share/pico_sdk/src/rp2_common/pico_printf/printf.c.obj
 .text._out_rev
                0x0000000010001ddc       0x90 CMakeFiles/atcmd.dir/usr/share/pico_sdk/src/rp2_common/pico_printf/printf.c.obj
 .text._ntoa_format
                0x0000000010001e6c      0x208 CMakeFiles/atcmd.dir/usr/share/pico_sdk/src/rp2_common/pico_printf/printf.c.obj
 .text._out_char
                0x0000000010002074       0x10 CMakeFiles/atcmd.dir/usr/share/pico_sdk/src/rp2_common/pico_printf/printf.c.obj
 .text._out_fct
                0x0000000010002084       0x10 CMakeFiles/atcmd.dir/usr/share/pico_sdk/src/rp2_common/pico_printf/printf.c.obj
 .text._etoa    0x0000000010002094      0x464 CMakeFiles/atcmd.dir/usr/share/pico_sdk/src/rp2_common/pico_printf/printf.c.obj
 .text._ftoa    0x00000000100024f8      0x3c4 CMakeFiles/atcmd.dir/usr/share/pico_sdk/src/rp2_common/pico_printf/printf.c.obj
 .text._vsnprintf
                0x00000000100028bc      0xc18 CMakeFiles/atcmd.dir/usr/share/pico_sdk/src/rp2_common/pico_printf/printf.c.obj
 .text.__wrap_sprintf
                0x00000000100034d4       0x2c CMakeFiles/atcmd.dir/usr/share/pico_sdk/src/rp2_common/pico_printf/printf.c.obj
                0x00000000100034d4                __wrap_sprintf
 .text.vfctprintf
                0x0000000010003500       0x20 CMakeFiles/atcmd.dir/usr/share/pico_sdk/src/rp2_common/pico_printf/printf.c.obj
                0x0000000010003500                vfctprintf
 .text.weak_raw_printf
                0x0000000010003520       0x40 CMakeFiles/atcmd.dir/usr/share/pico_sdk/src/rp2_common/pico_printf/printf.c.obj
                0x0000000010003520                weak_raw_printf
 .text.weak_raw_vprintf
                0x0000000010003560       0x30 CMakeFiles/atcmd.dir/usr/share/pico_sdk/src/rp2_common/pico_printf/printf.c.obj
                0x0000000010003560                weak_raw_vprintf
 .text          0x0000000010003590       0x10 CMakeFiles/atcmd.dir/usr/share/pico_sdk/src/rp2_common/pico_bit_ops/bit_ops_aeabi.S.obj
 .text.rom_func_lookup
                0x00000000100035a0       0x10 CMakeFiles/atcmd.dir/usr/share/pico_sdk/src/rp2_common/pico_bootrom/bootrom.c.obj
                0x00000000100035a0                rom_func_lookup
 .text.rom_data_lookup
                0x00000000100035b0       0x10 CMakeFiles/atcmd.dir/usr/share/pico_sdk/src/rp2_common/pico_bootrom/bootrom.c.obj
                0x00000000100035b0                rom_data_lookup
 .text.rom_funcs_lookup
                0x00000000100035c0       0x44 CMakeFiles/atcmd.dir/usr/share/pico_sdk/src/rp2_common/pico_bootrom/bootrom.c.obj
                0x00000000100035c0                rom_funcs_lookup
 .text.__wrap___aeabi_idiv
                0x0000000010003604       0x50 CMakeFiles/atcmd.dir/usr/share/pico_sdk/src/rp2_common/pico_divider/divider.S.obj
                0x0000000010003604                divmod_s32s32
                0x0000000010003604                __wrap___aeabi_idivmod
                0x0000000010003604                __wrap___aeabi_idiv
                0x0000000010003604                div_s32s32
                0x000000001000360c                divmod_s32s32_unsafe
                0x0000000010003638                divmod_s32s32_savestate
 .text.__wrap___aeabi_uidiv
                0x0000000010003654       0x4c CMakeFiles/atcmd.dir/usr/share/pico_sdk/src/rp2_common/pico_divider/divider.S.obj
                0x0000000010003654                __wrap___aeabi_uidivmod
                0x0000000010003654                __wrap___aeabi_uidiv
                0x0000000010003654                divmod_u32u32
                0x0000000010003654                div_u32u32
                0x000000001000365c                divmod_u32u32_unsafe
                0x0000000010003684                divmod_u32u32_savestate
 .text.__wrap___aeabi_ldiv
                0x00000000100036a0      0x424 CMakeFiles/atcmd.dir/usr/share/pico_sdk/src/rp2_common/pico_divider/divider.S.obj
                0x00000000100036a0                __wrap___aeabi_ldivmod
                0x00000000100036a0                div_s64s64
                0x00000000100036a0                divmod_s64s64
                0x00000000100036d0                div_u64u64
                0x00000000100036d0                divmod_u64u64
                0x00000000100036d0                __wrap___aeabi_uldivmod
                0x00000000100036e0                divmod_u64u64_savestate
                0x0000000010003700                divmod_s64s64_unsafe
                0x0000000010003788                divmod_u64u64_unsafe
 .text.__wrap___aeabi_darithmetic
                0x0000000010003ac4       0x80 CMakeFiles/atcmd.dir/usr/share/pico_sdk/src/rp2_common/pico_double/double_aeabi.S.obj
                0x0000000010003ac4                __wrap___aeabi_drsub
                0x0000000010003aca                __wrap___aeabi_dsub
                0x0000000010003adc                __wrap___aeabi_dadd
                0x0000000010003aee                __wrap___aeabi_ddiv
                0x0000000010003b2a                __wrap___aeabi_dmul
 .text.__wrap___aeabi_cdcmple
                0x0000000010003b44       0x6c CMakeFiles/atcmd.dir/usr/share/pico_sdk/src/rp2_common/pico_double/double_aeabi.S.obj
                0x0000000010003b44                __wrap___aeabi_cdrcmple
                0x0000000010003b54                __wrap___aeabi_cdcmple
                0x0000000010003b54                __wrap___aeabi_cdcmpeq
 .text.__wrap___aeabi_dcmpeq
                0x0000000010003bb0       0x10 CMakeFiles/atcmd.dir/usr/share/pico_sdk/src/rp2_common/pico_double/double_aeabi.S.obj
                0x0000000010003bb0                __wrap___aeabi_dcmpeq
 .text.__wrap___aeabi_dcmplt
                0x0000000010003bc0        0xc CMakeFiles/atcmd.dir/usr/share/pico_sdk/src/rp2_common/pico_double/double_aeabi.S.obj
                0x0000000010003bc0                __wrap___aeabi_dcmplt
 .text.__wrap___aeabi_dcmple
                0x0000000010003bcc       0x10 CMakeFiles/atcmd.dir/usr/share/pico_sdk/src/rp2_common/pico_double/double_aeabi.S.obj
                0x0000000010003bcc                __wrap___aeabi_dcmple
 .text.__wrap___aeabi_dcmpge
                0x0000000010003bdc       0x10 CMakeFiles/atcmd.dir/usr/share/pico_sdk/src/rp2_common/pico_double/double_aeabi.S.obj
                0x0000000010003bdc                __wrap___aeabi_dcmpge
 .text.__wrap___aeabi_dcmpgt
                0x0000000010003bec        0xa CMakeFiles/atcmd.dir/usr/share/pico_sdk/src/rp2_common/pico_double/double_aeabi.S.obj
                0x0000000010003bec                __wrap___aeabi_dcmpgt
 .text.__wrap___aeabi_dcmpun
                0x0000000010003bf6       0x1c CMakeFiles/atcmd.dir/usr/share/pico_sdk/src/rp2_common/pico_double/double_aeabi.S.obj
                0x0000000010003bf6                __wrap___aeabi_dcmpun
 *fill*         0x0000000010003c12        0x2 
 .text.__wrap___aeabi_i2d
                0x0000000010003c14       0x38 CMakeFiles/atcmd.dir/usr/share/pico_sdk/src/rp2_common/pico_double/double_aeabi.S.obj
                0x0000000010003c14                __wrap___aeabi_ui2d
                0x0000000010003c1c                __wrap___aeabi_i2d
 .text.__wrap___aeabi_d2iz
                0x0000000010003c4c       0x48 CMakeFiles/atcmd.dir/usr/share/pico_sdk/src/rp2_common/pico_double/double_aeabi.S.obj
                0x0000000010003c4c                __wrap___aeabi_d2iz
                0x0000000010003c4c                double2int_z
 .text.__wrap___aeabi_d2uiz
                0x0000000010003c94       0x18 CMakeFiles/atcmd.dir/usr/share/pico_sdk/src/rp2_common/pico_double/double_aeabi.S.obj
                0x0000000010003c94                double2uint
                0x0000000010003c94                __wrap___aeabi_d2uiz
 .text.__wrap___aeabi_l2d
                0x0000000010003cac       0x18 CMakeFiles/atcmd.dir/usr/share/pico_sdk/src/rp2_common/pico_double/double_aeabi.S.obj
                0x0000000010003cac                __wrap___aeabi_l2d
 .text.__wrap___aeabi_d2lz
                0x0000000010003cc4       0x26 CMakeFiles/atcmd.dir/usr/share/pico_sdk/src/rp2_common/pico_double/double_aeabi.S.obj
                0x0000000010003cc4                __wrap___aeabi_d2lz
                0x0000000010003cc4                double2int64_z
 *fill*         0x0000000010003cea        0x2 
 .text.double2int64
                0x0000000010003cec       0x18 CMakeFiles/atcmd.dir/usr/share/pico_sdk/src/rp2_common/pico_double/double_aeabi.S.obj
                0x0000000010003cec                double2int64
 .text.double2ufix64
                0x0000000010003d04       0x18 CMakeFiles/atcmd.dir/usr/share/pico_sdk/src/rp2_common/pico_double/double_aeabi.S.obj
                0x0000000010003d04                double2ufix64
 .text.__wrap___aeabi_d2f
                0x0000000010003d1c       0x18 CMakeFiles/atcmd.dir/usr/share/pico_sdk/src/rp2_common/pico_double/double_aeabi.S.obj
                0x0000000010003d1c                __wrap___aeabi_d2f
 .text.__aeabi_double_init
                0x0000000010003d34       0x98 CMakeFiles/atcmd.dir/usr/share/pico_sdk/src/rp2_common/pico_double/double_init_rom.c.obj
                0x0000000010003d34                __aeabi_double_init
 .text.double_table_shim_on_use_helper
                0x0000000010003dcc       0x2c CMakeFiles/atcmd.dir/usr/share/pico_sdk/src/rp2_common/pico_double/double_v1_rom_shim.S.obj
                0x0000000010003dcc                double_table_shim_on_use_helper
 .text.__wrap___aeabi_dsub
                0x0000000010003df8       0x10 CMakeFiles/atcmd.dir/usr/share/pico_sdk/src/rp2_common/pico_double/double_v1_rom_shim.S.obj
                0x0000000010003df8                drsub_shim
                0x0000000010003dfe                dsub_shim
 .text.dadd_shim
                0x0000000010003e08      0x15c CMakeFiles/atcmd.dir/usr/share/pico_sdk/src/rp2_common/pico_double/double_v1_rom_shim.S.obj
                0x0000000010003e08                dadd_shim
 .text.dmul_shim
                0x0000000010003f64      0x15c CMakeFiles/atcmd.dir/usr/share/pico_sdk/src/rp2_common/pico_double/double_v1_rom_shim.S.obj
                0x0000000010003f64                dmul_shim
 .text.ddiv_shim
                0x00000000100040c0      0x1b0 CMakeFiles/atcmd.dir/usr/share/pico_sdk/src/rp2_common/pico_double/double_v1_rom_shim.S.obj
                0x00000000100040c0                ddiv_shim
 .text.double2uint_shim
                0x0000000010004270        0xe CMakeFiles/atcmd.dir/usr/share/pico_sdk/src/rp2_common/pico_double/double_v1_rom_shim.S.obj
                0x0000000010004270                double2uint_shim
                0x0000000010004272                double2ufix_shim
 .text.double2int64_shim
                0x000000001000427e       0x1a CMakeFiles/atcmd.dir/usr/share/pico_sdk/src/rp2_common/pico_double/double_v1_rom_shim.S.obj
                0x000000001000427e                double2int64_shim
                0x0000000010004280                double2fix64_shim
 .text.double2uint64_shim
                0x0000000010004298       0x70 CMakeFiles/atcmd.dir/usr/share/pico_sdk/src/rp2_common/pico_double/double_v1_rom_shim.S.obj
                0x0000000010004298                double2uint64_shim
                0x000000001000429a                double2ufix64_shim
                0x00000000100042ba                d2fix_a
 .text.double2float_shim
                0x0000000010004308       0x5c CMakeFiles/atcmd.dir/usr/share/pico_sdk/src/rp2_common/pico_double/double_v1_rom_shim.S.obj
                0x0000000010004308                double2float_shim
 .text.x2double_shims
                0x0000000010004364       0x90 CMakeFiles/atcmd.dir/usr/share/pico_sdk/src/rp2_common/pico_double/double_v1_rom_shim.S.obj
                0x0000000010004364                uint2double_shim
                0x0000000010004366                ufix2double_shim
                0x000000001000436c                int2double_shim
                0x000000001000436e                fix2double_shim
                0x0000000010004374                uint642double_shim
                0x0000000010004376                ufix642double_shim
                0x000000001000437c                int642double_shim
                0x000000001000437e                fix642double_shim
 .text.dunpacks
                0x00000000100043f4       0x3c CMakeFiles/atcmd.dir/usr/share/pico_sdk/src/rp2_common/pico_double/double_v1_rom_shim.S.obj
                0x00000000100043f4                dunpacks
 .text.__aeabi_lmul
                0x0000000010004430       0x32 CMakeFiles/atcmd.dir/usr/share/pico_sdk/src/rp2_common/pico_int64_ops/pico_int64_ops_aeabi.S.obj
                0x0000000010004430                __wrap___aeabi_lmul
 *fill*         0x0000000010004462        0x2 
 .text.__aeabi_float_init
                0x0000000010004464       0x64 CMakeFiles/atcmd.dir/usr/share/pico_sdk/src/rp2_common/pico_float/float_init_rom.c.obj
                0x0000000010004464                __aeabi_float_init
 .text.float_table_shim_on_use_helper
                0x00000000100044c8       0x2c CMakeFiles/atcmd.dir/usr/share/pico_sdk/src/rp2_common/pico_float/float_v1_rom_shim.S.obj
                0x00000000100044c8                float_table_shim_on_use_helper
 .text.__wrap_malloc
                0x00000000100044f4       0x24 CMakeFiles/atcmd.dir/usr/share/pico_sdk/src/rp2_common/pico_malloc/pico_malloc.c.obj
                0x00000000100044f4                __wrap_malloc
 .text.__wrap_realloc
                0x0000000010004518       0x24 CMakeFiles/atcmd.dir/usr/share/pico_sdk/src/rp2_common/pico_malloc/pico_malloc.c.obj
                0x0000000010004518                __wrap_realloc
 .text.__wrap_free
                0x000000001000453c        0x8 CMakeFiles/atcmd.dir/usr/share/pico_sdk/src/rp2_common/pico_malloc/pico_malloc.c.obj
                0x000000001000453c                __wrap_free
 .text          0x0000000010004544       0x10 CMakeFiles/atcmd.dir/usr/share/pico_sdk/src/rp2_common/pico_mem_ops/mem_ops_aeabi.S.obj
                0x0000000010004544                __aeabi_mem_init
 .text.memset   0x0000000010004554        0xc CMakeFiles/atcmd.dir/usr/share/pico_sdk/src/rp2_common/pico_mem_ops/mem_ops_aeabi.S.obj
                0x0000000010004554                __wrap_memset
 .text.memcpy   0x0000000010004560        0xc CMakeFiles/atcmd.dir/usr/share/pico_sdk/src/rp2_common/pico_mem_ops/mem_ops_aeabi.S.obj
                0x0000000010004560                __wrap___aeabi_memcpy
                0x0000000010004560                __wrap_memcpy
 .text.stdio_out_chars_crlf
                0x000000001000456c       0x94 CMakeFiles/atcmd.dir/usr/share/pico_sdk/src/rp2_common/pico_stdio/stdio.c.obj
 .text.stdio_buffered_printer
                0x0000000010004600       0x64 CMakeFiles/atcmd.dir/usr/share/pico_sdk/src/rp2_common/pico_stdio/stdio.c.obj
 .text.__wrap_putchar
                0x0000000010004664       0x98 CMakeFiles/atcmd.dir/usr/share/pico_sdk/src/rp2_common/pico_stdio/stdio.c.obj
                0x0000000010004664                __wrap_putchar
 .text.__wrap_puts
                0x00000000100046fc       0xe0 CMakeFiles/atcmd.dir/usr/share/pico_sdk/src/rp2_common/pico_stdio/stdio.c.obj
                0x00000000100046fc                __wrap_puts
 .text.stdio_set_driver_enabled
                0x00000000100047dc       0x30 CMakeFiles/atcmd.dir/usr/share/pico_sdk/src/rp2_common/pico_stdio/stdio.c.obj
                0x00000000100047dc                stdio_set_driver_enabled
 .text.__wrap_vprintf
                0x000000001000480c       0xd4 CMakeFiles/atcmd.dir/usr/share/pico_sdk/src/rp2_common/pico_stdio/stdio.c.obj
                0x000000001000480c                __wrap_vprintf
 .text.__wrap_printf
                0x00000000100048e0       0x18 CMakeFiles/atcmd.dir/usr/share/pico_sdk/src/rp2_common/pico_stdio/stdio.c.obj
                0x00000000100048e0                __wrap_printf
 .text.stdio_init_all
                0x00000000100048f8        0x8 CMakeFiles/atcmd.dir/usr/share/pico_sdk/src/rp2_common/pico_stdio/stdio.c.obj
                0x00000000100048f8                stdio_init_all
 .text.getchar_timeout_us
                0x0000000010004900       0x98 CMakeFiles/atcmd.dir/usr/share/pico_sdk/src/rp2_common/pico_stdio/stdio.c.obj
                0x0000000010004900                getchar_timeout_us
 .text.resetd_init
                0x0000000010004998        0x4 CMakeFiles/atcmd.dir/usr/share/pico_sdk/src/rp2_common/pico_stdio_usb/reset_interface.c.obj
 .text.resetd_reset
                0x000000001000499c        0xc CMakeFiles/atcmd.dir/usr/share/pico_sdk/src/rp2_common/pico_stdio_usb/reset_interface.c.obj
 .text.resetd_open
                0x00000000100049a8       0x28 CMakeFiles/atcmd.dir/usr/share/pico_sdk/src/rp2_common/pico_stdio_usb/reset_interface.c.obj
 .text.resetd_xfer_cb
                0x00000000100049d0        0x4 CMakeFiles/atcmd.dir/usr/share/pico_sdk/src/rp2_common/pico_stdio_usb/reset_interface.c.obj
 .text.resetd_control_xfer_cb
                0x00000000100049d4       0x60 CMakeFiles/atcmd.dir/usr/share/pico_sdk/src/rp2_common/pico_stdio_usb/reset_interface.c.obj
 .text.usbd_app_driver_get_cb
                0x0000000010004a34        0xc CMakeFiles/atcmd.dir/usr/share/pico_sdk/src/rp2_common/pico_stdio_usb/reset_interface.c.obj
                0x0000000010004a34                usbd_app_driver_get_cb
 .text.tud_cdc_line_coding_cb
                0x0000000010004a40       0x34 CMakeFiles/atcmd.dir/usr/share/pico_sdk/src/rp2_common/pico_stdio_usb/reset_interface.c.obj
                0x0000000010004a40                tud_cdc_line_coding_cb
 .text.stdio_usb_set_chars_available_callback
                0x0000000010004a74       0x14 CMakeFiles/atcmd.dir/usr/share/pico_sdk/src/rp2_common/pico_stdio_usb/stdio_usb.c.obj
                0x0000000010004a74                stdio_usb_set_chars_available_callback
 .text.usb_irq  0x0000000010004a88       0x10 CMakeFiles/atcmd.dir/usr/share/pico_sdk/src/rp2_common/pico_stdio_usb/stdio_usb.c.obj
 .text.timer_task
                0x0000000010004a98       0x54 CMakeFiles/atcmd.dir/usr/share/pico_sdk/src/rp2_common/pico_stdio_usb/stdio_usb.c.obj
 .text.stdio_usb_in_chars
                0x0000000010004aec       0x90 CMakeFiles/atcmd.dir/usr/share/pico_sdk/src/rp2_common/pico_stdio_usb/stdio_usb.c.obj
                0x0000000010004aec                stdio_usb_in_chars
 .text.stdio_usb_out_chars
                0x0000000010004b7c      0x104 CMakeFiles/atcmd.dir/usr/share/pico_sdk/src/rp2_common/pico_stdio_usb/stdio_usb.c.obj
 .text.low_priority_worker_irq
                0x0000000010004c80       0xa8 CMakeFiles/atcmd.dir/usr/share/pico_sdk/src/rp2_common/pico_stdio_usb/stdio_usb.c.obj
 .text.tud_cdc_rx_cb
                0x0000000010004d28       0x20 CMakeFiles/atcmd.dir/usr/share/pico_sdk/src/rp2_common/pico_stdio_usb/stdio_usb.c.obj
                0x0000000010004d28                tud_cdc_rx_cb
 .text.stdio_usb_init
                0x0000000010004d48       0xe0 CMakeFiles/atcmd.dir/usr/share/pico_sdk/src/rp2_common/pico_stdio_usb/stdio_usb.c.obj
                0x0000000010004d48                stdio_usb_init
 .text.tud_descriptor_device_cb
                0x0000000010004e28        0x8 CMakeFiles/atcmd.dir/usr/share/pico_sdk/src/rp2_common/pico_stdio_usb/stdio_usb_descriptors.c.obj
                0x0000000010004e28                tud_descriptor_device_cb
 .text.tud_descriptor_configuration_cb
                0x0000000010004e30        0x8 CMakeFiles/atcmd.dir/usr/share/pico_sdk/src/rp2_common/pico_stdio_usb/stdio_usb_descriptors.c.obj
                0x0000000010004e30                tud_descriptor_configuration_cb
 .text.tud_descriptor_string_cb
                0x0000000010004e38       0x78 CMakeFiles/atcmd.dir/usr/share/pico_sdk/src/rp2_common/pico_stdio_usb/stdio_usb_descriptors.c.obj
                0x0000000010004e38                tud_descriptor_string_cb
 .text.startup._retrieve_unique_id_on_boot
                0x0000000010004eb0       0x10 CMakeFiles/atcmd.dir/usr/share/pico_sdk/src/rp2_common/pico_unique_id/unique_id.c.obj
 .text.pico_get_unique_board_id_string
                0x0000000010004ec0      0x1a8 CMakeFiles/atcmd.dir/usr/share/pico_sdk/src/rp2_common/pico_unique_id/unique_id.c.obj
                0x0000000010004ec0                pico_get_unique_board_id_string
 .text.flash_get_unique_id
                0x0000000010005068       0x40 CMakeFiles/atcmd.dir/usr/share/pico_sdk/src/rp2_common/hardware_flash/flash.c.obj
                0x0000000010005068                flash_get_unique_id
 .text.dcd_int_enable
                0x00000000100050a8        0xc CMakeFiles/atcmd.dir/usr/share/pico_sdk/lib/tinyusb/src/portable/raspberrypi/rp2040/dcd_rp2040.c.obj
                0x00000000100050a8                dcd_int_enable
 .text.dcd_set_address
                0x00000000100050b4       0x14 CMakeFiles/atcmd.dir/usr/share/pico_sdk/lib/tinyusb/src/portable/raspberrypi/rp2040/dcd_rp2040.c.obj
                0x00000000100050b4                dcd_set_address
 .text.dcd_connect
                0x00000000100050c8       0x10 CMakeFiles/atcmd.dir/usr/share/pico_sdk/lib/tinyusb/src/portable/raspberrypi/rp2040/dcd_rp2040.c.obj
                0x00000000100050c8                dcd_connect
 .text.dcd_init
                0x00000000100050d8       0x98 CMakeFiles/atcmd.dir/usr/share/pico_sdk/lib/tinyusb/src/portable/raspberrypi/rp2040/dcd_rp2040.c.obj
                0x00000000100050d8                dcd_init
 .text.dcd_edpt0_status_complete
                0x0000000010005170       0x1c CMakeFiles/atcmd.dir/usr/share/pico_sdk/lib/tinyusb/src/portable/raspberrypi/rp2040/dcd_rp2040.c.obj
                0x0000000010005170                dcd_edpt0_status_complete
 .text.dcd_edpt_open
                0x000000001000518c      0x108 CMakeFiles/atcmd.dir/usr/share/pico_sdk/lib/tinyusb/src/portable/raspberrypi/rp2040/dcd_rp2040.c.obj
                0x000000001000518c                dcd_edpt_open
 .text.dcd_edpt_close_all
                0x0000000010005294        0x8 CMakeFiles/atcmd.dir/usr/share/pico_sdk/lib/tinyusb/src/portable/raspberrypi/rp2040/dcd_rp2040.c.obj
                0x0000000010005294                dcd_edpt_close_all
 .text.dcd_edpt_xfer
                0x000000001000529c       0x24 CMakeFiles/atcmd.dir/usr/share/pico_sdk/lib/tinyusb/src/portable/raspberrypi/rp2040/dcd_rp2040.c.obj
                0x000000001000529c                dcd_edpt_xfer
 .text.dcd_edpt_stall
                0x00000000100052c0       0x34 CMakeFiles/atcmd.dir/usr/share/pico_sdk/lib/tinyusb/src/portable/raspberrypi/rp2040/dcd_rp2040.c.obj
                0x00000000100052c0                dcd_edpt_stall
 .text.dcd_edpt_clear_stall
                0x00000000100052f4       0x30 CMakeFiles/atcmd.dir/usr/share/pico_sdk/lib/tinyusb/src/portable/raspberrypi/rp2040/dcd_rp2040.c.obj
                0x00000000100052f4                dcd_edpt_clear_stall
 .text.rp2040_usb_init
                0x0000000010005324       0x4c CMakeFiles/atcmd.dir/usr/share/pico_sdk/lib/tinyusb/src/portable/raspberrypi/rp2040/rp2040_usb.c.obj
                0x0000000010005324                rp2040_usb_init
 .text.hw_endpoint_xfer_start
                0x0000000010005370       0x40 CMakeFiles/atcmd.dir/usr/share/pico_sdk/lib/tinyusb/src/portable/raspberrypi/rp2040/rp2040_usb.c.obj
                0x0000000010005370                hw_endpoint_xfer_start
 .text.tud_mounted
                0x00000000100053b0       0x10 CMakeFiles/atcmd.dir/usr/share/pico_sdk/lib/tinyusb/src/device/usbd.c.obj
                0x00000000100053b0                tud_mounted
 .text.tud_suspended
                0x00000000100053c0       0x10 CMakeFiles/atcmd.dir/usr/share/pico_sdk/lib/tinyusb/src/device/usbd.c.obj
                0x00000000100053c0                tud_suspended
 .text.tud_inited
                0x00000000100053d0       0x14 CMakeFiles/atcmd.dir/usr/share/pico_sdk/lib/tinyusb/src/device/usbd.c.obj
                0x00000000100053d0                tud_inited
 .text.tud_init
                0x00000000100053e4       0xd8 CMakeFiles/atcmd.dir/usr/share/pico_sdk/lib/tinyusb/src/device/usbd.c.obj
                0x00000000100053e4                tud_init
 .text.tud_task_ext
                0x00000000100054bc      0x8a4 CMakeFiles/atcmd.dir/usr/share/pico_sdk/lib/tinyusb/src/device/usbd.c.obj
                0x00000000100054bc                tud_task_ext
 .text.usbd_open_edpt_pair
                0x0000000010005d60       0x9c CMakeFiles/atcmd.dir/usr/share/pico_sdk/lib/tinyusb/src/device/usbd.c.obj
                0x0000000010005d60                usbd_open_edpt_pair
 .text.usbd_defer_func
                0x0000000010005dfc       0x48 CMakeFiles/atcmd.dir/usr/share/pico_sdk/lib/tinyusb/src/device/usbd.c.obj
                0x0000000010005dfc                usbd_defer_func
 .text.usbd_edpt_open
                0x0000000010005e44       0x34 CMakeFiles/atcmd.dir/usr/share/pico_sdk/lib/tinyusb/src/device/usbd.c.obj
                0x0000000010005e44                usbd_edpt_open
 .text.usbd_edpt_claim
                0x0000000010005e78       0x28 CMakeFiles/atcmd.dir/usr/share/pico_sdk/lib/tinyusb/src/device/usbd.c.obj
                0x0000000010005e78                usbd_edpt_claim
 .text.usbd_edpt_release
                0x0000000010005ea0       0x28 CMakeFiles/atcmd.dir/usr/share/pico_sdk/lib/tinyusb/src/device/usbd.c.obj
                0x0000000010005ea0                usbd_edpt_release
 .text.usbd_edpt_xfer
                0x0000000010005ec8       0x4c CMakeFiles/atcmd.dir/usr/share/pico_sdk/lib/tinyusb/src/device/usbd.c.obj
                0x0000000010005ec8                usbd_edpt_xfer
 .text.tud_control_status
                0x0000000010005f14       0x2c CMakeFiles/atcmd.dir/usr/share/pico_sdk/lib/tinyusb/src/device/usbd_control.c.obj
                0x0000000010005f14                tud_control_status
 .text.tud_control_xfer
                0x0000000010005f40       0xac CMakeFiles/atcmd.dir/usr/share/pico_sdk/lib/tinyusb/src/device/usbd_control.c.obj
                0x0000000010005f40                tud_control_xfer
 .text.usbd_control_reset
                0x0000000010005fec       0x14 CMakeFiles/atcmd.dir/usr/share/pico_sdk/lib/tinyusb/src/device/usbd_control.c.obj
                0x0000000010005fec                usbd_control_reset
 .text.usbd_control_set_complete_callback
                0x0000000010006000        0xc CMakeFiles/atcmd.dir/usr/share/pico_sdk/lib/tinyusb/src/device/usbd_control.c.obj
                0x0000000010006000                usbd_control_set_complete_callback
 .text.usbd_control_set_request
                0x000000001000600c       0x1c CMakeFiles/atcmd.dir/usr/share/pico_sdk/lib/tinyusb/src/device/usbd_control.c.obj
                0x000000001000600c                usbd_control_set_request
 .text.usbd_control_xfer_cb
                0x0000000010006028       0xf4 CMakeFiles/atcmd.dir/usr/share/pico_sdk/lib/tinyusb/src/device/usbd_control.c.obj
                0x0000000010006028                usbd_control_xfer_cb
 .text.tud_cdc_n_connected
                0x000000001000611c       0x30 CMakeFiles/atcmd.dir/usr/share/pico_sdk/lib/tinyusb/src/class/cdc/cdc_device.c.obj
                0x000000001000611c                tud_cdc_n_connected
 .text.tud_cdc_n_available
                0x000000001000614c       0x18 CMakeFiles/atcmd.dir/usr/share/pico_sdk/lib/tinyusb/src/class/cdc/cdc_device.c.obj
                0x000000001000614c                tud_cdc_n_available
 .text.tud_cdc_n_read
                0x0000000010006164       0x70 CMakeFiles/atcmd.dir/usr/share/pico_sdk/lib/tinyusb/src/class/cdc/cdc_device.c.obj
                0x0000000010006164                tud_cdc_n_read
 .text.tud_cdc_n_write_flush
                0x00000000100061d4       0x78 CMakeFiles/atcmd.dir/usr/share/pico_sdk/lib/tinyusb/src/class/cdc/cdc_device.c.obj
                0x00000000100061d4                tud_cdc_n_write_flush
 .text.tud_cdc_n_write
                0x000000001000624c       0x34 CMakeFiles/atcmd.dir/usr/share/pico_sdk/lib/tinyusb/src/class/cdc/cdc_device.c.obj
                0x000000001000624c                tud_cdc_n_write
 .text.tud_cdc_n_write_available
                0x0000000010006280       0x18 CMakeFiles/atcmd.dir/usr/share/pico_sdk/lib/tinyusb/src/class/cdc/cdc_device.c.obj
                0x0000000010006280                tud_cdc_n_write_available
 .text.cdcd_init
                0x0000000010006298       0x7c CMakeFiles/atcmd.dir/usr/share/pico_sdk/lib/tinyusb/src/class/cdc/cdc_device.c.obj
                0x0000000010006298                cdcd_init
 .text.cdcd_reset
                0x0000000010006314       0x2c CMakeFiles/atcmd.dir/usr/share/pico_sdk/lib/tinyusb/src/class/cdc/cdc_device.c.obj
                0x0000000010006314                cdcd_reset
 .text.cdcd_open
                0x0000000010006340       0xe4 CMakeFiles/atcmd.dir/usr/share/pico_sdk/lib/tinyusb/src/class/cdc/cdc_device.c.obj
                0x0000000010006340                cdcd_open
 .text.cdcd_control_xfer_cb
                0x0000000010006424       0xe4 CMakeFiles/atcmd.dir/usr/share/pico_sdk/lib/tinyusb/src/class/cdc/cdc_device.c.obj
                0x0000000010006424                cdcd_control_xfer_cb
 .text.cdcd_xfer_cb
                0x0000000010006508      0x13c CMakeFiles/atcmd.dir/usr/share/pico_sdk/lib/tinyusb/src/class/cdc/cdc_device.c.obj
                0x0000000010006508                cdcd_xfer_cb
 .text.tusb_init
                0x0000000010006644        0xc CMakeFiles/atcmd.dir/usr/share/pico_sdk/lib/tinyusb/src/tusb.c.obj
                0x0000000010006644                tusb_init
 .text.tusb_inited
                0x0000000010006650        0x8 CMakeFiles/atcmd.dir/usr/share/pico_sdk/lib/tinyusb/src/tusb.c.obj
                0x0000000010006650                tusb_inited
 .text.tu_edpt_claim
                0x0000000010006658       0x50 CMakeFiles/atcmd.dir/usr/share/pico_sdk/lib/tinyusb/src/tusb.c.obj
                0x0000000010006658                tu_edpt_claim
 .text.tu_edpt_release
                0x00000000100066a8       0x38 CMakeFiles/atcmd.dir/usr/share/pico_sdk/lib/tinyusb/src/tusb.c.obj
                0x00000000100066a8                tu_edpt_release
 .text.tu_edpt_validate
                0x00000000100066e0       0x7c CMakeFiles/atcmd.dir/usr/share/pico_sdk/lib/tinyusb/src/tusb.c.obj
                0x00000000100066e0                tu_edpt_validate
 .text.tu_edpt_bind_driver
                0x000000001000675c       0x34 CMakeFiles/atcmd.dir/usr/share/pico_sdk/lib/tinyusb/src/tusb.c.obj
                0x000000001000675c                tu_edpt_bind_driver
 .text.tu_fifo_config
                0x0000000010006790       0x6c CMakeFiles/atcmd.dir/usr/share/pico_sdk/lib/tinyusb/src/common/tusb_fifo.c.obj
                0x0000000010006790                tu_fifo_config
 .text.tu_fifo_count
                0x00000000100067fc       0x2c CMakeFiles/atcmd.dir/usr/share/pico_sdk/lib/tinyusb/src/common/tusb_fifo.c.obj
                0x00000000100067fc                tu_fifo_count
 .text.tu_fifo_empty
                0x0000000010006828       0x10 CMakeFiles/atcmd.dir/usr/share/pico_sdk/lib/tinyusb/src/common/tusb_fifo.c.obj
                0x0000000010006828                tu_fifo_empty
 .text.tu_fifo_remaining
                0x0000000010006838       0x2c CMakeFiles/atcmd.dir/usr/share/pico_sdk/lib/tinyusb/src/common/tusb_fifo.c.obj
                0x0000000010006838                tu_fifo_remaining
 .text.tu_fifo_read
                0x0000000010006864       0x9c CMakeFiles/atcmd.dir/usr/share/pico_sdk/lib/tinyusb/src/common/tusb_fifo.c.obj
                0x0000000010006864                tu_fifo_read
 .text.tu_fifo_read_n
                0x0000000010006900       0xe8 CMakeFiles/atcmd.dir/usr/share/pico_sdk/lib/tinyusb/src/common/tusb_fifo.c.obj
                0x0000000010006900                tu_fifo_read_n
 .text.tu_fifo_write
                0x00000000100069e8       0x88 CMakeFiles/atcmd.dir/usr/share/pico_sdk/lib/tinyusb/src/common/tusb_fifo.c.obj
                0x00000000100069e8                tu_fifo_write
 .text.tu_fifo_write_n
                0x0000000010006a70      0x178 CMakeFiles/atcmd.dir/usr/share/pico_sdk/lib/tinyusb/src/common/tusb_fifo.c.obj
                0x0000000010006a70                tu_fifo_write_n
 .text.tu_fifo_clear
                0x0000000010006be8       0x40 CMakeFiles/atcmd.dir/usr/share/pico_sdk/lib/tinyusb/src/common/tusb_fifo.c.obj
                0x0000000010006be8                tu_fifo_clear
 .text.tu_fifo_set_overwritable
                0x0000000010006c28       0x48 CMakeFiles/atcmd.dir/usr/share/pico_sdk/lib/tinyusb/src/common/tusb_fifo.c.obj
                0x0000000010006c28                tu_fifo_set_overwritable
 .text.atexit   0x0000000010006c70       0x10 /usr/lib/gcc/arm-none-eabi/12.2.0/../../../../arm-none-eabi/lib/thumb/v6-m/nofp/libc.a(lib_a-atexit.o)
                0x0000000010006c70                atexit
 .text._calloc_r
                0x0000000010006c80       0xa8 /usr/lib/gcc/arm-none-eabi/12.2.0/../../../../arm-none-eabi/lib/thumb/v6-m/nofp/libc.a(lib_a-callocr.o)
                0x0000000010006c80                _calloc_r
 .text.__errno  0x0000000010006d28        0xc /usr/lib/gcc/arm-none-eabi/12.2.0/../../../../arm-none-eabi/lib/thumb/v6-m/nofp/libc.a(lib_a-errno.o)
                0x0000000010006d28                __errno
 .text.__libc_fini_array
                0x0000000010006d34       0x28 /usr/lib/gcc/arm-none-eabi/12.2.0/../../../../arm-none-eabi/lib/thumb/v6-m/nofp/libc.a(lib_a-fini.o)
                0x0000000010006d34                __libc_fini_array
 .text.malloc   0x0000000010006d5c       0x14 /usr/lib/gcc/arm-none-eabi/12.2.0/../../../../arm-none-eabi/lib/thumb/v6-m/nofp/libc.a(lib_a-malloc.o)
                0x0000000010006d5c                malloc
 .text.free     0x0000000010006d70       0x14 /usr/lib/gcc/arm-none-eabi/12.2.0/../../../../arm-none-eabi/lib/thumb/v6-m/nofp/libc.a(lib_a-malloc.o)
                0x0000000010006d70                free
 .text._malloc_r
                0x0000000010006d84      0x548 /usr/lib/gcc/arm-none-eabi/12.2.0/../../../../arm-none-eabi/lib/thumb/v6-m/nofp/libc.a(lib_a-mallocr.o)
                0x0000000010006d84                _malloc_r
 .text.__malloc_lock
                0x00000000100072cc       0x10 /usr/lib/gcc/arm-none-eabi/12.2.0/../../../../arm-none-eabi/lib/thumb/v6-m/nofp/libc.a(lib_a-mlock.o)
                0x00000000100072cc                __malloc_lock
 .text.__malloc_unlock
                0x00000000100072dc       0x10 /usr/lib/gcc/arm-none-eabi/12.2.0/../../../../arm-none-eabi/lib/thumb/v6-m/nofp/libc.a(lib_a-mlock.o)
                0x00000000100072dc                __malloc_unlock
 .text.realloc  0x00000000100072ec       0x18 /usr/lib/gcc/arm-none-eabi/12.2.0/../../../../arm-none-eabi/lib/thumb/v6-m/nofp/libc.a(lib_a-realloc.o)
                0x00000000100072ec                realloc
 .text._realloc_r
                0x0000000010007304      0x350 /usr/lib/gcc/arm-none-eabi/12.2.0/../../../../arm-none-eabi/lib/thumb/v6-m/nofp/libc.a(lib_a-reallocr.o)
                0x0000000010007304                _realloc_r
 .text._sbrk_r  0x0000000010007654       0x24 /usr/lib/gcc/arm-none-eabi/12.2.0/../../../../arm-none-eabi/lib/thumb/v6-m/nofp/libc.a(lib_a-sbrkr.o)
                0x0000000010007654                _sbrk_r
 .text.sscanf   0x0000000010007678       0x50 /usr/lib/gcc/arm-none-eabi/12.2.0/../../../../arm-none-eabi/lib/thumb/v6-m/nofp/libc.a(lib_a-sscanf.o)
                0x0000000010007678                sscanf
 .text.__seofread
                0x00000000100076c8        0x4 /usr/lib/gcc/arm-none-eabi/12.2.0/../../../../arm-none-eabi/lib/thumb/v6-m/nofp/libc.a(lib_a-stdio.o)
                0x00000000100076c8                __seofread
 .text.strchr   0x00000000100076cc       0xc4 /usr/lib/gcc/arm-none-eabi/12.2.0/../../../../arm-none-eabi/lib/thumb/v6-m/nofp/libc.a(lib_a-strchr.o)
                0x00000000100076cc                strchr
 .text.strlen   0x0000000010007790       0x5c /usr/lib/gcc/arm-none-eabi/12.2.0/../../../../arm-none-eabi/lib/thumb/v6-m/nofp/libc.a(lib_a-strlen-stub.o)
                0x0000000010007790                strlen
 .text.strncmp  0x00000000100077ec       0x68 /usr/lib/gcc/arm-none-eabi/12.2.0/../../../../arm-none-eabi/lib/thumb/v6-m/nofp/libc.a(lib_a-strncmp.o)
                0x00000000100077ec                strncmp
 .text.__ssvfscanf_r
                0x0000000010007854     0x1794 /usr/lib/gcc/arm-none-eabi/12.2.0/../../../../arm-none-eabi/lib/thumb/v6-m/nofp/libc.a(lib_a-svfscanf.o)
                0x0000000010007854                __ssvfscanf_r
 .text.__register_exitproc
                0x0000000010008fe8       0xac /usr/lib/gcc/arm-none-eabi/12.2.0/../../../../arm-none-eabi/lib/thumb/v6-m/nofp/libc.a(lib_a-__atexit.o)
                0x0000000010008fe8                __register_exitproc
 .text.startup.register_fini
                0x0000000010009094       0x18 /usr/lib/gcc/arm-none-eabi/12.2.0/../../../../arm-none-eabi/lib/thumb/v6-m/nofp/libc.a(lib_a-__call_atexit.o)
 .text._malloc_trim_r
                0x00000000100090ac       0xa8 /usr/lib/gcc/arm-none-eabi/12.2.0/../../../../arm-none-eabi/lib/thumb/v6-m/nofp/libc.a(lib_a-freer.o)
                0x00000000100090ac                _malloc_trim_r
 .text._free_r  0x0000000010009154      0x1d4 /usr/lib/gcc/arm-none-eabi/12.2.0/../../../../arm-none-eabi/lib/thumb/v6-m/nofp/libc.a(lib_a-freer.o)
                0x0000000010009154                _free_r
 .text.iswspace
                0x0000000010009328        0xc /usr/lib/gcc/arm-none-eabi/12.2.0/../../../../arm-none-eabi/lib/thumb/v6-m/nofp/libc.a(lib_a-iswspace.o)
                0x0000000010009328                iswspace
 .text.iswspace_l
                0x0000000010009334       0x18 /usr/lib/gcc/arm-none-eabi/12.2.0/../../../../arm-none-eabi/lib/thumb/v6-m/nofp/libc.a(lib_a-iswspace_l.o)
                0x0000000010009334                iswspace_l
 .text.__locale_mb_cur_max
                0x000000001000934c       0x10 /usr/lib/gcc/arm-none-eabi/12.2.0/../../../../arm-none-eabi/lib/thumb/v6-m/nofp/libc.a(lib_a-locale.o)
                0x000000001000934c                __locale_mb_cur_max
 .text._localeconv_r
                0x000000001000935c        0x8 /usr/lib/gcc/arm-none-eabi/12.2.0/../../../../arm-none-eabi/lib/thumb/v6-m/nofp/libc.a(lib_a-localeconv.o)
                0x000000001000935c                _localeconv_r
 .text.__retarget_lock_acquire_recursive
                0x0000000010009364        0x4 /usr/lib/gcc/arm-none-eabi/12.2.0/../../../../arm-none-eabi/lib/thumb/v6-m/nofp/libc.a(lib_a-lock.o)
                0x0000000010009364                __retarget_lock_acquire_recursive
 .text.__retarget_lock_release_recursive
                0x0000000010009368        0x4 /usr/lib/gcc/arm-none-eabi/12.2.0/../../../../arm-none-eabi/lib/thumb/v6-m/nofp/libc.a(lib_a-lock.o)
                0x0000000010009368                __retarget_lock_release_recursive
 .text._mbrtowc_r
                0x000000001000936c       0x48 /usr/lib/gcc/arm-none-eabi/12.2.0/../../../../arm-none-eabi/lib/thumb/v6-m/nofp/libc.a(lib_a-mbrtowc.o)
                0x000000001000936c                _mbrtowc_r
 .text.__ascii_mbtowc
                0x00000000100093b4       0x2c /usr/lib/gcc/arm-none-eabi/12.2.0/../../../../arm-none-eabi/lib/thumb/v6-m/nofp/libc.a(lib_a-mbtowc_r.o)
                0x00000000100093b4                __ascii_mbtowc
 .text.__sccl   0x00000000100093e0       0x80 /usr/lib/gcc/arm-none-eabi/12.2.0/../../../../arm-none-eabi/lib/thumb/v6-m/nofp/libc.a(lib_a-sccl.o)
                0x00000000100093e0                __sccl
 .text.nanf     0x0000000010009460        0x8 /usr/lib/gcc/arm-none-eabi/12.2.0/../../../../arm-none-eabi/lib/thumb/v6-m/nofp/libc.a(lib_a-sf_nan.o)
                0x0000000010009460                nanf
 .text.sulp     0x0000000010009468       0x30 /usr/lib/gcc/arm-none-eabi/12.2.0/../../../../arm-none-eabi/lib/thumb/v6-m/nofp/libc.a(lib_a-strtod.o)
 .text._strtod_l
                0x0000000010009498      0xeb0 /usr/lib/gcc/arm-none-eabi/12.2.0/../../../../arm-none-eabi/lib/thumb/v6-m/nofp/libc.a(lib_a-strtod.o)
                0x0000000010009498                _strtod_l
 .text._strtod_r
                0x000000001000a348       0x10 /usr/lib/gcc/arm-none-eabi/12.2.0/../../../../arm-none-eabi/lib/thumb/v6-m/nofp/libc.a(lib_a-strtod.o)
                0x000000001000a348                _strtod_r
 .text._strtol_l.constprop.0
                0x000000001000a358      0x158 /usr/lib/gcc/arm-none-eabi/12.2.0/../../../../arm-none-eabi/lib/thumb/v6-m/nofp/libc.a(lib_a-strtol.o)
 .text._strtol_r
                0x000000001000a4b0        0x8 /usr/lib/gcc/arm-none-eabi/12.2.0/../../../../arm-none-eabi/lib/thumb/v6-m/nofp/libc.a(lib_a-strtol.o)
                0x000000001000a4b0                _strtol_r
 .text._strtoll_l.constprop.0
                0x000000001000a4b8      0x1a0 /usr/lib/gcc/arm-none-eabi/12.2.0/../../../../arm-none-eabi/lib/thumb/v6-m/nofp/libc.a(lib_a-strtoll.o)
 .text._strtoll_r
                0x000000001000a658        0x8 /usr/lib/gcc/arm-none-eabi/12.2.0/../../../../arm-none-eabi/lib/thumb/v6-m/nofp/libc.a(lib_a-strtoll.o)
                0x000000001000a658                _strtoll_r
 .text._strtoul_l.constprop.0
                0x000000001000a660      0x144 /usr/lib/gcc/arm-none-eabi/12.2.0/../../../../arm-none-eabi/lib/thumb/v6-m/nofp/libc.a(lib_a-strtoul.o)
 .text._strtoul_r
                0x000000001000a7a4        0x8 /usr/lib/gcc/arm-none-eabi/12.2.0/../../../../arm-none-eabi/lib/thumb/v6-m/nofp/libc.a(lib_a-strtoul.o)
                0x000000001000a7a4                _strtoul_r
 .text._strtoull_l.constprop.0
                0x000000001000a7ac      0x1c4 /usr/lib/gcc/arm-none-eabi/12.2.0/../../../../arm-none-eabi/lib/thumb/v6-m/nofp/libc.a(lib_a-strtoull.o)
 .text._strtoull_r
                0x000000001000a970        0x8 /usr/lib/gcc/arm-none-eabi/12.2.0/../../../../arm-none-eabi/lib/thumb/v6-m/nofp/libc.a(lib_a-strtoull.o)
                0x000000001000a970                _strtoull_r
 .text._sungetc_r
                0x000000001000a978       0x7c /usr/lib/gcc/arm-none-eabi/12.2.0/../../../../arm-none-eabi/lib/thumb/v6-m/nofp/libc.a(lib_a-svfiscanf.o)
                0x000000001000a978                _sungetc_r
 .text.__ssrefill_r
                0x000000001000a9f4       0x40 /usr/lib/gcc/arm-none-eabi/12.2.0/../../../../arm-none-eabi/lib/thumb/v6-m/nofp/libc.a(lib_a-svfiscanf.o)
                0x000000001000a9f4                __ssrefill_r
 .text._sfread_r
                0x000000001000aa34       0xbc /usr/lib/gcc/arm-none-eabi/12.2.0/../../../../arm-none-eabi/lib/thumb/v6-m/nofp/libc.a(lib_a-svfiscanf.o)
                0x000000001000aa34                _sfread_r
 .text.__submore
                0x000000001000aaf0       0x84 /usr/lib/gcc/arm-none-eabi/12.2.0/../../../../arm-none-eabi/lib/thumb/v6-m/nofp/libc.a(lib_a-ungetc.o)
                0x000000001000aaf0                __submore
 .text.__ascii_wctomb
                0x000000001000ab74       0x1c /usr/lib/gcc/arm-none-eabi/12.2.0/../../../../arm-none-eabi/lib/thumb/v6-m/nofp/libc.a(lib_a-wctomb_r.o)
                0x000000001000ab74                __ascii_wctomb
 .text.rshift   0x000000001000ab90       0xb0 /usr/lib/gcc/arm-none-eabi/12.2.0/../../../../arm-none-eabi/lib/thumb/v6-m/nofp/libc.a(lib_a-gdtoa-gethex.o)
 .text.__gethex
                0x000000001000ac40      0x5a0 /usr/lib/gcc/arm-none-eabi/12.2.0/../../../../arm-none-eabi/lib/thumb/v6-m/nofp/libc.a(lib_a-gdtoa-gethex.o)
                0x000000001000ac40                __gethex
 .text.__match  0x000000001000b1e0       0x2c /usr/lib/gcc/arm-none-eabi/12.2.0/../../../../arm-none-eabi/lib/thumb/v6-m/nofp/libc.a(lib_a-gdtoa-hexnan.o)
                0x000000001000b1e0                __match
 .text.__hexnan
                0x000000001000b20c      0x204 /usr/lib/gcc/arm-none-eabi/12.2.0/../../../../arm-none-eabi/lib/thumb/v6-m/nofp/libc.a(lib_a-gdtoa-hexnan.o)
                0x000000001000b20c                __hexnan
 .text._Balloc  0x000000001000b410       0x50 /usr/lib/gcc/arm-none-eabi/12.2.0/../../../../arm-none-eabi/lib/thumb/v6-m/nofp/libc.a(lib_a-mprec.o)
                0x000000001000b410                _Balloc
 .text._Bfree   0x000000001000b460       0x14 /usr/lib/gcc/arm-none-eabi/12.2.0/../../../../arm-none-eabi/lib/thumb/v6-m/nofp/libc.a(lib_a-mprec.o)
                0x000000001000b460                _Bfree
 .text.__multadd
                0x000000001000b474       0xa8 /usr/lib/gcc/arm-none-eabi/12.2.0/../../../../arm-none-eabi/lib/thumb/v6-m/nofp/libc.a(lib_a-mprec.o)
                0x000000001000b474                __multadd
 .text.__s2b    0x000000001000b51c       0xb0 /usr/lib/gcc/arm-none-eabi/12.2.0/../../../../arm-none-eabi/lib/thumb/v6-m/nofp/libc.a(lib_a-mprec.o)
                0x000000001000b51c                __s2b
 .text.__hi0bits
                0x000000001000b5cc       0x4c /usr/lib/gcc/arm-none-eabi/12.2.0/../../../../arm-none-eabi/lib/thumb/v6-m/nofp/libc.a(lib_a-mprec.o)
                0x000000001000b5cc                __hi0bits
 .text.__lo0bits
                0x000000001000b618       0x5c /usr/lib/gcc/arm-none-eabi/12.2.0/../../../../arm-none-eabi/lib/thumb/v6-m/nofp/libc.a(lib_a-mprec.o)
                0x000000001000b618                __lo0bits
 .text.__i2b    0x000000001000b674       0x60 /usr/lib/gcc/arm-none-eabi/12.2.0/../../../../arm-none-eabi/lib/thumb/v6-m/nofp/libc.a(lib_a-mprec.o)
                0x000000001000b674                __i2b
 .text.__multiply
                0x000000001000b6d4      0x1b0 /usr/lib/gcc/arm-none-eabi/12.2.0/../../../../arm-none-eabi/lib/thumb/v6-m/nofp/libc.a(lib_a-mprec.o)
                0x000000001000b6d4                __multiply
 .text.__pow5mult
                0x000000001000b884       0xd0 /usr/lib/gcc/arm-none-eabi/12.2.0/../../../../arm-none-eabi/lib/thumb/v6-m/nofp/libc.a(lib_a-mprec.o)
                0x000000001000b884                __pow5mult
 .text.__lshift
                0x000000001000b954       0xfc /usr/lib/gcc/arm-none-eabi/12.2.0/../../../../arm-none-eabi/lib/thumb/v6-m/nofp/libc.a(lib_a-mprec.o)
                0x000000001000b954                __lshift
 .text.__mcmp   0x000000001000ba50       0x3c /usr/lib/gcc/arm-none-eabi/12.2.0/../../../../arm-none-eabi/lib/thumb/v6-m/nofp/libc.a(lib_a-mprec.o)
                0x000000001000ba50                __mcmp
 .text.__mdiff  0x000000001000ba8c      0x1a4 /usr/lib/gcc/arm-none-eabi/12.2.0/../../../../arm-none-eabi/lib/thumb/v6-m/nofp/libc.a(lib_a-mprec.o)
                0x000000001000ba8c                __mdiff
 .text.__ulp    0x000000001000bc30       0x40 /usr/lib/gcc/arm-none-eabi/12.2.0/../../../../arm-none-eabi/lib/thumb/v6-m/nofp/libc.a(lib_a-mprec.o)
                0x000000001000bc30                __ulp
 .text.__b2d    0x000000001000bc70       0xb8 /usr/lib/gcc/arm-none-eabi/12.2.0/../../../../arm-none-eabi/lib/thumb/v6-m/nofp/libc.a(lib_a-mprec.o)
                0x000000001000bc70                __b2d
 .text.__d2b    0x000000001000bd28       0xcc /usr/lib/gcc/arm-none-eabi/12.2.0/../../../../arm-none-eabi/lib/thumb/v6-m/nofp/libc.a(lib_a-mprec.o)
                0x000000001000bd28                __d2b
 .text.__ratio  0x000000001000bdf4       0x68 /usr/lib/gcc/arm-none-eabi/12.2.0/../../../../arm-none-eabi/lib/thumb/v6-m/nofp/libc.a(lib_a-mprec.o)
                0x000000001000bdf4                __ratio
 .text.__copybits
                0x000000001000be5c       0x40 /usr/lib/gcc/arm-none-eabi/12.2.0/../../../../arm-none-eabi/lib/thumb/v6-m/nofp/libc.a(lib_a-mprec.o)
                0x000000001000be5c                __copybits
 .text.__any_on
                0x000000001000be9c       0x4c /usr/lib/gcc/arm-none-eabi/12.2.0/../../../../arm-none-eabi/lib/thumb/v6-m/nofp/libc.a(lib_a-mprec.o)
                0x000000001000be9c                __any_on
 .text.nan      0x000000001000bee8        0xc /usr/lib/gcc/arm-none-eabi/12.2.0/../../../../arm-none-eabi/lib/thumb/v6-m/nofp/libc.a(lib_a-s_nan.o)
                0x000000001000bee8                nan
 *(.fini)
 .fini          0x000000001000bef4        0x4 /usr/lib/gcc/arm-none-eabi/12.2.0/thumb/v6-m/nofp/crti.o
                0x000000001000bef4                _fini
 .fini.__stub   0x000000001000bef8       0xd0 linker stubs
 *crtbegin.o(.ctors)
 *crtbegin?.o(.ctors)
 *(EXCLUDE_FILE(*crtend.o *crtend?.o) .ctors)
 *(SORT_BY_NAME(.ctors.*))
 *(.ctors)
 *crtbegin.o(.dtors)
 *crtbegin?.o(.dtors)
 *(EXCLUDE_FILE(*crtend.o *crtend?.o) .dtors)
 *(SORT_BY_NAME(.dtors.*))
 *(.dtors)
 *(.eh_frame*)
 .eh_frame      0x000000001000bfc8        0x0 /usr/lib/gcc/arm-none-eabi/12.2.0/thumb/v6-m/nofp/crtbegin.o
                0x000000001000bfc8                . = ALIGN (0x4)

.glue_7         0x000000001000bfc8        0x0
 .glue_7        0x000000001000bfc8        0x0 linker stubs

.glue_7t        0x000000001000bfc8        0x0
 .glue_7t       0x000000001000bfc8        0x0 linker stubs

.vfp11_veneer   0x000000001000bfc8        0x0
 .vfp11_veneer  0x000000001000bfc8        0x0 linker stubs

.v4_bx          0x000000001000bfc8        0x0
 .v4_bx         0x000000001000bfc8        0x0 linker stubs

.iplt           0x000000001000bfc8        0x0
 .iplt          0x000000001000bfc8        0x0 /usr/lib/gcc/arm-none-eabi/12.2.0/thumb/v6-m/nofp/crtbegin.o

.rodata         0x000000001000bfc8      0xe78
 *(EXCLUDE_FILE(*libm.a: *libc.a:*lib_a-mem*.o *libgcc.a:) .rodata*)
 .rodata.parse_cmd.str1.4
                0x000000001000bfc8       0x3e CMakeFiles/atcmd.dir/atcmd.c.obj
 *fill*         0x000000001000c006        0x2 
 .rodata.spin_lock_claim_unused.str1.4
                0x000000001000c008       0x1b CMakeFiles/atcmd.dir/usr/share/pico_sdk/src/rp2_common/hardware_sync/sync.c.obj
 *fill*         0x000000001000c023        0x1 
 .rodata.user_irq_claim_unused.str1.4
                0x000000001000c024       0x1b CMakeFiles/atcmd.dir/usr/share/pico_sdk/src/rp2_common/hardware_irq/irq.c.obj
 *fill*         0x000000001000c03f        0x1 
 .rodata.hardware_alarm_claim.str1.4
                0x000000001000c040       0x22 CMakeFiles/atcmd.dir/usr/share/pico_sdk/src/rp2_common/hardware_timer/timer.c.obj
 *fill*         0x000000001000c062        0x2 
 .rodata.__assert_func.str1.4
                0x000000001000c064       0x3f CMakeFiles/atcmd.dir/usr/share/pico_sdk/src/rp2_common/pico_runtime/runtime.c.obj
                                         0x43 (size before relaxing)
 *fill*         0x000000001000c0a3        0x1 
 .rodata.panic.str1.4
                0x000000001000c0a4       0x12 CMakeFiles/atcmd.dir/usr/share/pico_sdk/src/rp2_common/pico_runtime/runtime.c.obj
 *fill*         0x000000001000c0b6        0x2 
 .rodata.hard_assertion_failure.str1.4
                0x000000001000c0b8        0xc CMakeFiles/atcmd.dir/usr/share/pico_sdk/src/rp2_common/pico_runtime/runtime.c.obj
 .rodata._ftoa.str1.4
                0x000000001000c0c4       0x15 CMakeFiles/atcmd.dir/usr/share/pico_sdk/src/rp2_common/pico_printf/printf.c.obj
 *fill*         0x000000001000c0d9        0x3 
 .rodata._vsnprintf
                0x000000001000c0dc      0x19c CMakeFiles/atcmd.dir/usr/share/pico_sdk/src/rp2_common/pico_printf/printf.c.obj
 .rodata.pow10.0
                0x000000001000c278       0x50 CMakeFiles/atcmd.dir/usr/share/pico_sdk/src/rp2_common/pico_printf/printf.c.obj
 .rodata.__wrap_malloc.str1.4
                0x000000001000c2c8        0xe CMakeFiles/atcmd.dir/usr/share/pico_sdk/src/rp2_common/pico_malloc/pico_malloc.c.obj
 *fill*         0x000000001000c2d6        0x2 
 .rodata.str1.4
                0x000000001000c2d8       0x3c CMakeFiles/atcmd.dir/usr/share/pico_sdk/src/rp2_common/pico_standard_link/binary_info.c.obj
 .rodata.__bi_81
                0x000000001000c314        0xc CMakeFiles/atcmd.dir/usr/share/pico_sdk/src/rp2_common/pico_standard_link/binary_info.c.obj
 .rodata.__bi_75
                0x000000001000c320        0xc CMakeFiles/atcmd.dir/usr/share/pico_sdk/src/rp2_common/pico_standard_link/binary_info.c.obj
 .rodata.__bi_44
                0x000000001000c32c        0xc CMakeFiles/atcmd.dir/usr/share/pico_sdk/src/rp2_common/pico_standard_link/binary_info.c.obj
 .rodata.crlf_str.0
                0x000000001000c338        0x2 CMakeFiles/atcmd.dir/usr/share/pico_sdk/src/rp2_common/pico_stdio/stdio.c.obj
 *fill*         0x000000001000c33a        0x2 
 .rodata._resetd_driver
                0x000000001000c33c       0x18 CMakeFiles/atcmd.dir/usr/share/pico_sdk/src/rp2_common/pico_stdio_usb/reset_interface.c.obj
 .rodata.str1.4
                0x000000001000c354       0x13 CMakeFiles/atcmd.dir/usr/share/pico_sdk/src/rp2_common/pico_stdio_usb/stdio_usb.c.obj
 *fill*         0x000000001000c367        0x1 
 .rodata.__bi_182.0
                0x000000001000c368        0xc CMakeFiles/atcmd.dir/usr/share/pico_sdk/src/rp2_common/pico_stdio_usb/stdio_usb.c.obj
 .rodata.str1.4
                0x000000001000c374       0x2a CMakeFiles/atcmd.dir/usr/share/pico_sdk/src/rp2_common/pico_stdio_usb/stdio_usb_descriptors.c.obj
 *fill*         0x000000001000c39e        0x2 
 .rodata.usbd_desc_str
                0x000000001000c3a0       0x18 CMakeFiles/atcmd.dir/usr/share/pico_sdk/src/rp2_common/pico_stdio_usb/stdio_usb_descriptors.c.obj
 .rodata.usbd_desc_cfg
                0x000000001000c3b8       0x54 CMakeFiles/atcmd.dir/usr/share/pico_sdk/src/rp2_common/pico_stdio_usb/stdio_usb_descriptors.c.obj
 .rodata.usbd_desc_device
                0x000000001000c40c       0x12 CMakeFiles/atcmd.dir/usr/share/pico_sdk/src/rp2_common/pico_stdio_usb/stdio_usb_descriptors.c.obj
 *fill*         0x000000001000c41e        0x2 
 .rodata.str1.4
                0x000000001000c420       0x14 CMakeFiles/atcmd.dir/usr/share/pico_sdk/lib/tinyusb/src/portable/raspberrypi/rp2040/dcd_rp2040.c.obj
 .rodata.str1.4
                0x000000001000c434       0x53 CMakeFiles/atcmd.dir/usr/share/pico_sdk/lib/tinyusb/src/portable/raspberrypi/rp2040/rp2040_usb.c.obj
 *fill*         0x000000001000c487        0x1 
 .rodata.tud_task_ext
                0x000000001000c488       0x8c CMakeFiles/atcmd.dir/usr/share/pico_sdk/lib/tinyusb/src/device/usbd.c.obj
 .rodata._usbd_driver
                0x000000001000c514       0x18 CMakeFiles/atcmd.dir/usr/share/pico_sdk/lib/tinyusb/src/device/usbd.c.obj
 .rodata._ctype_
                0x000000001000c52c      0x101 /usr/lib/gcc/arm-none-eabi/12.2.0/../../../../arm-none-eabi/lib/thumb/v6-m/nofp/libc.a(lib_a-ctype_.o)
                0x000000001000c52c                _ctype_
 *fill*         0x000000001000c62d        0x3 
 .rodata._global_impure_ptr
                0x000000001000c630        0x4 /usr/lib/gcc/arm-none-eabi/12.2.0/../../../../arm-none-eabi/lib/thumb/v6-m/nofp/libc.a(lib_a-impure.o)
                0x000000001000c630                _global_impure_ptr
 .rodata.__ssvfscanf_r.str1.4
                0x000000001000c634        0x5 /usr/lib/gcc/arm-none-eabi/12.2.0/../../../../arm-none-eabi/lib/thumb/v6-m/nofp/libc.a(lib_a-svfscanf.o)
                                          0x9 (size before relaxing)
 *fill*         0x000000001000c639        0x3 
 .rodata.__ssvfscanf_r
                0x000000001000c63c      0x3cc /usr/lib/gcc/arm-none-eabi/12.2.0/../../../../arm-none-eabi/lib/thumb/v6-m/nofp/libc.a(lib_a-svfscanf.o)
 .rodata.basefix.0
                0x000000001000ca08       0x22 /usr/lib/gcc/arm-none-eabi/12.2.0/../../../../arm-none-eabi/lib/thumb/v6-m/nofp/libc.a(lib_a-svfscanf.o)
 *fill*         0x000000001000ca2a        0x2 
 .rodata._setlocale_r.str1.4
                0x000000001000ca2c        0x6 /usr/lib/gcc/arm-none-eabi/12.2.0/../../../../arm-none-eabi/lib/thumb/v6-m/nofp/libc.a(lib_a-locale.o)
                                          0xd (size before relaxing)
 *fill*         0x000000001000ca32        0x2 
 .rodata.str1.4
                0x000000001000ca34        0x2 /usr/lib/gcc/arm-none-eabi/12.2.0/../../../../arm-none-eabi/lib/thumb/v6-m/nofp/libc.a(lib_a-locale.o)
 .rodata._mbrtowc_r.str1.4
                0x000000001000ca36        0x1 /usr/lib/gcc/arm-none-eabi/12.2.0/../../../../arm-none-eabi/lib/thumb/v6-m/nofp/libc.a(lib_a-mbrtowc.o)
 *fill*         0x000000001000ca36        0x2 
 .rodata._strtod_l.str1.4
                0x000000001000ca38        0xf /usr/lib/gcc/arm-none-eabi/12.2.0/../../../../arm-none-eabi/lib/thumb/v6-m/nofp/libc.a(lib_a-strtod.o)
                                         0x15 (size before relaxing)
 *fill*         0x000000001000ca47        0x1 
 .rodata._strtod_l
                0x000000001000ca48       0xd0 /usr/lib/gcc/arm-none-eabi/12.2.0/../../../../arm-none-eabi/lib/thumb/v6-m/nofp/libc.a(lib_a-strtod.o)
 .rodata.fpinan.0
                0x000000001000cb18       0x14 /usr/lib/gcc/arm-none-eabi/12.2.0/../../../../arm-none-eabi/lib/thumb/v6-m/nofp/libc.a(lib_a-strtod.o)
 .rodata.fpi.1  0x000000001000cb2c       0x14 /usr/lib/gcc/arm-none-eabi/12.2.0/../../../../arm-none-eabi/lib/thumb/v6-m/nofp/libc.a(lib_a-strtod.o)
 .rodata.tinytens
                0x000000001000cb40       0x28 /usr/lib/gcc/arm-none-eabi/12.2.0/../../../../arm-none-eabi/lib/thumb/v6-m/nofp/libc.a(lib_a-strtod.o)
 .rodata.__gethex.str1.4
                0x000000001000cb68       0x78 /usr/lib/gcc/arm-none-eabi/12.2.0/../../../../arm-none-eabi/lib/thumb/v6-m/nofp/libc.a(lib_a-gdtoa-gethex.o)
                                         0x7c (size before relaxing)
 .rodata.__hexdig
                0x000000001000cbe0      0x100 /usr/lib/gcc/arm-none-eabi/12.2.0/../../../../arm-none-eabi/lib/thumb/v6-m/nofp/libc.a(lib_a-gdtoa-gethex.o)
                0x000000001000cbe0                __hexdig
 .rodata.__multadd.str1.4
                0x000000001000cce0       0x5d /usr/lib/gcc/arm-none-eabi/12.2.0/../../../../arm-none-eabi/lib/thumb/v6-m/nofp/libc.a(lib_a-mprec.o)
                                         0x71 (size before relaxing)
 *fill*         0x000000001000cd3d        0x3 
 .rodata.p05.0  0x000000001000cd40        0xc /usr/lib/gcc/arm-none-eabi/12.2.0/../../../../arm-none-eabi/lib/thumb/v6-m/nofp/libc.a(lib_a-mprec.o)
 *fill*         0x000000001000cd4c        0x4 
 .rodata.__mprec_bigtens
                0x000000001000cd50       0x28 /usr/lib/gcc/arm-none-eabi/12.2.0/../../../../arm-none-eabi/lib/thumb/v6-m/nofp/libc.a(lib_a-mprec.o)
                0x000000001000cd50                __mprec_bigtens
 .rodata.__mprec_tens
                0x000000001000cd78       0xc8 /usr/lib/gcc/arm-none-eabi/12.2.0/../../../../arm-none-eabi/lib/thumb/v6-m/nofp/libc.a(lib_a-mprec.o)
                0x000000001000cd78                __mprec_tens
                0x000000001000ce40                . = ALIGN (0x4)
 *(SORT_BY_ALIGNMENT(SORT_BY_NAME(.flashdata*)))
                0x000000001000ce40                . = ALIGN (0x4)

.ARM.extab
 *(.ARM.extab* .gnu.linkonce.armextab.*)
                0x000000001000ce40                __exidx_start = .

.ARM.exidx
 *(.ARM.exidx* .gnu.linkonce.armexidx.*)
                0x000000001000ce40                __exidx_end = .
                0x000000001000ce40                . = ALIGN (0x4)
                0x000000001000ce40                __binary_info_start = .

.binary_info    0x000000001000ce40       0x20
 *(.binary_info.keep.*)
 .binary_info.keep.__bi_ptr81
                0x000000001000ce40        0x4 CMakeFiles/atcmd.dir/usr/share/pico_sdk/src/rp2_common/pico_standard_link/binary_info.c.obj
 .binary_info.keep.__bi_ptr75
                0x000000001000ce44        0x4 CMakeFiles/atcmd.dir/usr/share/pico_sdk/src/rp2_common/pico_standard_link/binary_info.c.obj
 .binary_info.keep.__bi_ptr50
                0x000000001000ce48        0x4 CMakeFiles/atcmd.dir/usr/share/pico_sdk/src/rp2_common/pico_standard_link/binary_info.c.obj
 .binary_info.keep.__bi_ptr44
                0x000000001000ce4c        0x4 CMakeFiles/atcmd.dir/usr/share/pico_sdk/src/rp2_common/pico_standard_link/binary_info.c.obj
 .binary_info.keep.__bi_ptr38
                0x000000001000ce50        0x4 CMakeFiles/atcmd.dir/usr/share/pico_sdk/src/rp2_common/pico_standard_link/binary_info.c.obj
 .binary_info.keep.__bi_ptr30
                0x000000001000ce54        0x4 CMakeFiles/atcmd.dir/usr/share/pico_sdk/src/rp2_common/pico_standard_link/binary_info.c.obj
 .binary_info.keep.__bi_ptr22
                0x000000001000ce58        0x4 CMakeFiles/atcmd.dir/usr/share/pico_sdk/src/rp2_common/pico_standard_link/binary_info.c.obj
 *(.binary_info.*)
 .binary_info.__bi_ptr182
                0x000000001000ce5c        0x4 CMakeFiles/atcmd.dir/usr/share/pico_sdk/src/rp2_common/pico_stdio_usb/stdio_usb.c.obj
                0x000000001000ce60                __binary_info_end = .

.rel.dyn        0x000000001000ce60        0x0
 .rel.iplt      0x000000001000ce60        0x0 /usr/lib/gcc/arm-none-eabi/12.2.0/thumb/v6-m/nofp/crtbegin.o
                0x000000001000ce60                . = ALIGN (0x4)

.ram_vector_table
                0x0000000020000000       0xc0
 *(.ram_vector_table)
 .ram_vector_table
                0x0000000020000000       0xc0 CMakeFiles/atcmd.dir/usr/share/pico_sdk/src/rp2_common/pico_runtime/runtime.c.obj
                0x0000000020000000                ram_vector_table

.data           0x00000000200000c0     0x1884 load address 0x000000001000ce60
                0x00000000200000c0                __data_start__ = .
 *(vtable)
 *(.time_critical*)
 .time_critical.mutex_try_enter
                0x00000000200000c0       0x40 CMakeFiles/atcmd.dir/usr/share/pico_sdk/src/common/pico_sync/mutex.c.obj
                0x00000000200000c0                mutex_try_enter
 .time_critical.mutex_try_enter_block_until
                0x0000000020000100       0x9c CMakeFiles/atcmd.dir/usr/share/pico_sdk/src/common/pico_sync/mutex.c.obj
                0x0000000020000100                mutex_try_enter_block_until
 .time_critical.mutex_enter_timeout_ms
                0x000000002000019c       0x90 CMakeFiles/atcmd.dir/usr/share/pico_sdk/src/common/pico_sync/mutex.c.obj
                0x000000002000019c                mutex_enter_timeout_ms
 .time_critical.mutex_exit
                0x000000002000022c       0x28 CMakeFiles/atcmd.dir/usr/share/pico_sdk/src/common/pico_sync/mutex.c.obj
                0x000000002000022c                mutex_exit
 .time_critical.flash_init_boot2_copyout
                0x0000000020000254       0x30 CMakeFiles/atcmd.dir/usr/share/pico_sdk/src/rp2_common/hardware_flash/flash.c.obj
 .time_critical.flash_enable_xip_via_boot2
                0x0000000020000284        0xc CMakeFiles/atcmd.dir/usr/share/pico_sdk/src/rp2_common/hardware_flash/flash.c.obj
 .time_critical.flash_cs_force
                0x0000000020000290       0x38 CMakeFiles/atcmd.dir/usr/share/pico_sdk/src/rp2_common/hardware_flash/flash.c.obj
 .time_critical.flash_do_cmd
                0x00000000200002c8       0xc0 CMakeFiles/atcmd.dir/usr/share/pico_sdk/src/rp2_common/hardware_flash/flash.c.obj
                0x00000000200002c8                flash_do_cmd
 .time_critical.reset_non_control_endpoints
                0x0000000020000388       0x68 CMakeFiles/atcmd.dir/usr/share/pico_sdk/lib/tinyusb/src/portable/raspberrypi/rp2040/dcd_rp2040.c.obj
 .time_critical.hw_handle_buff_status
                0x00000000200003f0       0xac CMakeFiles/atcmd.dir/usr/share/pico_sdk/lib/tinyusb/src/portable/raspberrypi/rp2040/dcd_rp2040.c.obj
 .time_critical.dcd_rp2040_irq
                0x000000002000049c      0x510 CMakeFiles/atcmd.dir/usr/share/pico_sdk/lib/tinyusb/src/portable/raspberrypi/rp2040/dcd_rp2040.c.obj
 .time_critical.e15_is_bulkin_ep
                0x00000000200009ac       0x28 CMakeFiles/atcmd.dir/usr/share/pico_sdk/lib/tinyusb/src/portable/raspberrypi/rp2040/rp2040_usb.c.obj
 .time_critical.e15_is_critical_frame_period
                0x00000000200009d4       0x34 CMakeFiles/atcmd.dir/usr/share/pico_sdk/lib/tinyusb/src/portable/raspberrypi/rp2040/rp2040_usb.c.obj
 .time_critical.prepare_ep_buffer
                0x0000000020000a08       0x6c CMakeFiles/atcmd.dir/usr/share/pico_sdk/lib/tinyusb/src/portable/raspberrypi/rp2040/rp2040_usb.c.obj
 .time_critical.sync_ep_buffer
                0x0000000020000a74       0x48 CMakeFiles/atcmd.dir/usr/share/pico_sdk/lib/tinyusb/src/portable/raspberrypi/rp2040/rp2040_usb.c.obj
 .time_critical._hw_endpoint_xfer_sync
                0x0000000020000abc       0x28 CMakeFiles/atcmd.dir/usr/share/pico_sdk/lib/tinyusb/src/portable/raspberrypi/rp2040/rp2040_usb.c.obj
 .time_critical.hw_endpoint_reset_transfer
                0x0000000020000ae4        0xc CMakeFiles/atcmd.dir/usr/share/pico_sdk/lib/tinyusb/src/portable/raspberrypi/rp2040/rp2040_usb.c.obj
                0x0000000020000ae4                hw_endpoint_reset_transfer
 .time_critical._hw_endpoint_buffer_control_update32
                0x0000000020000af0       0x58 CMakeFiles/atcmd.dir/usr/share/pico_sdk/lib/tinyusb/src/portable/raspberrypi/rp2040/rp2040_usb.c.obj
                0x0000000020000af0                _hw_endpoint_buffer_control_update32
 .time_critical.hw_endpoint_start_next_buffer
                0x0000000020000b48       0x6c CMakeFiles/atcmd.dir/usr/share/pico_sdk/lib/tinyusb/src/portable/raspberrypi/rp2040/rp2040_usb.c.obj
                0x0000000020000b48                hw_endpoint_start_next_buffer
 .time_critical.hw_endpoint_xfer_continue
                0x0000000020000bb4       0x50 CMakeFiles/atcmd.dir/usr/share/pico_sdk/lib/tinyusb/src/portable/raspberrypi/rp2040/rp2040_usb.c.obj
                0x0000000020000bb4                hw_endpoint_xfer_continue
 .time_critical.tinyusb
                0x0000000020000c04      0x170 CMakeFiles/atcmd.dir/usr/share/pico_sdk/lib/tinyusb/src/device/usbd.c.obj
                0x0000000020000c04                dcd_event_handler
 *(.text*)
 .text          0x0000000020000d74        0x4 /usr/lib/gcc/arm-none-eabi/12.2.0/thumb/v6-m/nofp/libgcc.a(_dvmd_tls.o)
                0x0000000020000d74                __aeabi_ldiv0
                0x0000000020000d74                __aeabi_idiv0
 .text.memmove  0x0000000020000d78       0xb0 /usr/lib/gcc/arm-none-eabi/12.2.0/../../../../arm-none-eabi/lib/thumb/v6-m/nofp/libc.a(lib_a-memmove.o)
                0x0000000020000d78                memmove
 .text.memmove.__stub
                0x0000000020000e28       0x70 linker stubs
                0x0000000020000e98                . = ALIGN (0x4)
 *(.rodata*)
                0x0000000020000e98                . = ALIGN (0x4)
 *(.data*)
 .data.local_echo
                0x0000000020000e98        0x1 CMakeFiles/atcmd.dir/atcmd.c.obj
                0x0000000020000e98                local_echo
 .data.striped_spin_lock_num
                0x0000000020000e99        0x1 CMakeFiles/atcmd.dir/usr/share/pico_sdk/src/rp2_common/hardware_sync/sync.c.obj
 *fill*         0x0000000020000e9a        0x2 
 .data          0x0000000020000e9c       0x48 CMakeFiles/atcmd.dir/usr/share/pico_sdk/src/rp2_common/hardware_irq/irq_handler_chain.S.obj
                0x0000000020000e9c                irq_handler_chain_slots
                0x0000000020000ecc                irq_handler_chain_first_slot
                0x0000000020000ed6                irq_handler_chain_remove_tail
 .data.default_alarm_pool
                0x0000000020000ee4       0x18 CMakeFiles/atcmd.dir/usr/share/pico_sdk/src/common/pico_time/time.c.obj
 .data.default_alarm_pool_heap
                0x0000000020000efc       0x10 CMakeFiles/atcmd.dir/usr/share/pico_sdk/src/common/pico_time/time.c.obj
 *fill*         0x0000000020000f0c        0x4 
 .data.aeabi_bits_funcs
                0x0000000020000f10       0x10 CMakeFiles/atcmd.dir/usr/share/pico_sdk/src/rp2_common/pico_bit_ops/bit_ops_aeabi.S.obj
                0x0000000020000f10                aeabi_bits_funcs
                0x0000000020000f20                aeabi_bits_funcs_end
 .data.aeabi_mem_funcs
                0x0000000020000f20       0x10 CMakeFiles/atcmd.dir/usr/share/pico_sdk/src/rp2_common/pico_mem_ops/mem_ops_aeabi.S.obj
                0x0000000020000f20                aeabi_mem_funcs
                0x0000000020000f30                aeabi_mem_funcs_end
 .data.stdio_usb
                0x0000000020000f30       0x18 CMakeFiles/atcmd.dir/usr/share/pico_sdk/src/rp2_common/pico_stdio_usb/stdio_usb.c.obj
                0x0000000020000f30                stdio_usb
 .data.ep_dir_string
                0x0000000020000f48        0x8 CMakeFiles/atcmd.dir/usr/share/pico_sdk/lib/tinyusb/src/portable/raspberrypi/rp2040/rp2040_usb.c.obj
                0x0000000020000f48                ep_dir_string
 .data._usbd_qdef
                0x0000000020000f50       0x1c CMakeFiles/atcmd.dir/usr/share/pico_sdk/lib/tinyusb/src/device/usbd.c.obj
                0x0000000020000f50                _usbd_qdef
 .data._usbd_rhport
                0x0000000020000f6c        0x1 CMakeFiles/atcmd.dir/usr/share/pico_sdk/lib/tinyusb/src/device/usbd.c.obj
 *fill*         0x0000000020000f6d        0x3 
 .data._impure_ptr
                0x0000000020000f70        0x4 /usr/lib/gcc/arm-none-eabi/12.2.0/../../../../arm-none-eabi/lib/thumb/v6-m/nofp/libc.a(lib_a-impure.o)
                0x0000000020000f70                _impure_ptr
 *fill*         0x0000000020000f74        0x4 
 .data.impure_data
                0x0000000020000f78      0x428 /usr/lib/gcc/arm-none-eabi/12.2.0/../../../../arm-none-eabi/lib/thumb/v6-m/nofp/libc.a(lib_a-impure.o)
 .data.__malloc_sbrk_base
                0x00000000200013a0        0x4 /usr/lib/gcc/arm-none-eabi/12.2.0/../../../../arm-none-eabi/lib/thumb/v6-m/nofp/libc.a(lib_a-mallocr.o)
                0x00000000200013a0                __malloc_sbrk_base
 .data.__malloc_trim_threshold
                0x00000000200013a4        0x4 /usr/lib/gcc/arm-none-eabi/12.2.0/../../../../arm-none-eabi/lib/thumb/v6-m/nofp/libc.a(lib_a-mallocr.o)
                0x00000000200013a4                __malloc_trim_threshold
 .data.__malloc_av_
                0x00000000200013a8      0x408 /usr/lib/gcc/arm-none-eabi/12.2.0/../../../../arm-none-eabi/lib/thumb/v6-m/nofp/libc.a(lib_a-mallocr.o)
                0x00000000200013a8                __malloc_av_
 .data.__atexit_recursive_mutex
                0x00000000200017b0        0x4 /usr/lib/gcc/arm-none-eabi/12.2.0/../../../../arm-none-eabi/lib/thumb/v6-m/nofp/libc.a(lib_a-__call_atexit.o)
                0x00000000200017b0                __atexit_recursive_mutex
 .data.__global_locale
                0x00000000200017b4      0x16c /usr/lib/gcc/arm-none-eabi/12.2.0/../../../../arm-none-eabi/lib/thumb/v6-m/nofp/libc.a(lib_a-locale.o)
                0x00000000200017b4                __global_locale
                0x0000000020001920                . = ALIGN (0x4)
 *(.after_data.*)
                0x0000000020001920                . = ALIGN (0x4)
                0x0000000020001920                PROVIDE (__mutex_array_start = .)
 *(SORT_BY_NAME(.mutex_array.*))
 *(.mutex_array)
 .mutex_array   0x0000000020001920        0x8 CMakeFiles/atcmd.dir/usr/share/pico_sdk/src/rp2_common/pico_stdio/stdio.c.obj
                0x0000000020001928                PROVIDE (__mutex_array_end = .)
                0x0000000020001928                . = ALIGN (0x4)
                0x0000000020001928                PROVIDE (__preinit_array_start = .)
 *(SORT_BY_NAME(.preinit_array.*))
 .preinit_array.00001
                0x0000000020001928        0x4 CMakeFiles/atcmd.dir/usr/share/pico_sdk/src/rp2_common/pico_mem_ops/mem_ops_aeabi.S.obj
 .preinit_array.00010
                0x000000002000192c        0x4 CMakeFiles/atcmd.dir/usr/share/pico_sdk/src/rp2_common/pico_bit_ops/bit_ops_aeabi.S.obj
 .preinit_array.00020
                0x0000000020001930        0x4 CMakeFiles/atcmd.dir/usr/share/pico_sdk/src/rp2_common/pico_double/double_aeabi.S.obj
 .preinit_array.00020
                0x0000000020001934        0x4 CMakeFiles/atcmd.dir/usr/share/pico_sdk/src/rp2_common/pico_float/float_aeabi.S.obj
 *(.preinit_array)
                0x0000000020001938                PROVIDE (__preinit_array_end = .)
                0x0000000020001938                . = ALIGN (0x4)
                0x0000000020001938                PROVIDE (__init_array_start = .)
 *(SORT_BY_NAME(.init_array.*))
 .init_array.00000
                0x0000000020001938        0x4 /usr/lib/gcc/arm-none-eabi/12.2.0/../../../../arm-none-eabi/lib/thumb/v6-m/nofp/libc.a(lib_a-__call_atexit.o)
 *(.init_array)
 .init_array    0x000000002000193c        0x4 /usr/lib/gcc/arm-none-eabi/12.2.0/thumb/v6-m/nofp/crtbegin.o
 .init_array    0x0000000020001940        0x4 CMakeFiles/atcmd.dir/usr/share/pico_sdk/src/rp2_common/pico_unique_id/unique_id.c.obj
                0x0000000020001944                PROVIDE (__init_array_end = .)
                0x0000000020001944                . = ALIGN (0x4)
                0x0000000020001944                PROVIDE (__fini_array_start = .)
 *(SORT_BY_NAME(.fini_array.*))
 *(.fini_array)
                0x0000000020001944                PROVIDE (__fini_array_end = .)
 *(.jcr)
                0x0000000020001944                . = ALIGN (0x4)
                0x0000000020001944                __data_end__ = .
                0x000000001000ce60                __etext = LOADADDR (.data)

.igot.plt       0x0000000020001944        0x0 load address 0x000000001000e6e4
 .igot.plt      0x0000000020001944        0x0 /usr/lib/gcc/arm-none-eabi/12.2.0/thumb/v6-m/nofp/crtbegin.o

.uninitialized_data
                0x0000000020001944        0x0 load address 0x000000001000e6e4
                0x0000000020001944                . = ALIGN (0x4)
 *(.uninitialized_data*)

.scratch_x      0x0000000020040000        0x0 load address 0x000000001000e6e4
                0x0000000020040000                __scratch_x_start__ = .
 *(.scratch_x.*)
                0x0000000020040000                . = ALIGN (0x4)
                0x0000000020040000                __scratch_x_end__ = .
                0x000000001000e6e4                __scratch_x_source__ = LOADADDR (.scratch_x)

.scratch_y      0x0000000020041000        0x0 load address 0x000000001000e6e4
                0x0000000020041000                __scratch_y_start__ = .
 *(.scratch_y.*)
                0x0000000020041000                . = ALIGN (0x4)
                0x0000000020041000                __scratch_y_end__ = .
                0x000000001000e6e4                __scratch_y_source__ = LOADADDR (.scratch_y)

.bss            0x0000000020001948      0xdc8
                0x0000000020001948                . = ALIGN (0x4)
                0x0000000020001948                __bss_start__ = .
 *(SORT_BY_ALIGNMENT(SORT_BY_NAME(.bss*)))
 .bss.configured_freq
                0x0000000020001948       0x28 CMakeFiles/atcmd.dir/usr/share/pico_sdk/src/rp2_common/hardware_clocks/clocks.c.obj
 .bss.default_alarm_pool_entries
                0x0000000020001970      0x100 CMakeFiles/atcmd.dir/usr/share/pico_sdk/src/common/pico_time/time.c.obj
 .bss.last_avail_time.1
                0x0000000020001a70        0x8 CMakeFiles/atcmd.dir/usr/share/pico_sdk/src/rp2_common/pico_stdio_usb/stdio_usb.c.obj
 .bss.sd_table  0x0000000020001a78      0x100 CMakeFiles/atcmd.dir/usr/share/pico_sdk/src/rp2_common/pico_double/double_init_rom.c.obj
                0x0000000020001a78                sd_table
 .bss.sf_table  0x0000000020001b78      0x100 CMakeFiles/atcmd.dir/usr/share/pico_sdk/src/rp2_common/pico_float/float_init_rom.c.obj
                0x0000000020001b78                sf_table
 .bss.__lock___atexit_recursive_mutex
                0x0000000020001c78        0x1 /usr/lib/gcc/arm-none-eabi/12.2.0/../../../../arm-none-eabi/lib/thumb/v6-m/nofp/libc.a(lib_a-lock.o)
                0x0000000020001c78                __lock___atexit_recursive_mutex
 *fill*         0x0000000020001c79        0x3 
 .bss.__lock___malloc_recursive_mutex
                0x0000000020001c7c        0x1 /usr/lib/gcc/arm-none-eabi/12.2.0/../../../../arm-none-eabi/lib/thumb/v6-m/nofp/libc.a(lib_a-lock.o)
                0x0000000020001c7c                __lock___malloc_recursive_mutex
 *fill*         0x0000000020001c7d        0x3 
 .bss.__malloc_current_mallinfo
                0x0000000020001c80       0x28 /usr/lib/gcc/arm-none-eabi/12.2.0/../../../../arm-none-eabi/lib/thumb/v6-m/nofp/libc.a(lib_a-mallocr.o)
                0x0000000020001c80                __malloc_current_mallinfo
 .bss.__malloc_max_sbrked_mem
                0x0000000020001ca8        0x4 /usr/lib/gcc/arm-none-eabi/12.2.0/../../../../arm-none-eabi/lib/thumb/v6-m/nofp/libc.a(lib_a-mallocr.o)
                0x0000000020001ca8                __malloc_max_sbrked_mem
 .bss.__malloc_max_total_mem
                0x0000000020001cac        0x4 /usr/lib/gcc/arm-none-eabi/12.2.0/../../../../arm-none-eabi/lib/thumb/v6-m/nofp/libc.a(lib_a-mallocr.o)
                0x0000000020001cac                __malloc_max_total_mem
 .bss.__malloc_top_pad
                0x0000000020001cb0        0x4 /usr/lib/gcc/arm-none-eabi/12.2.0/../../../../arm-none-eabi/lib/thumb/v6-m/nofp/libc.a(lib_a-mallocr.o)
                0x0000000020001cb0                __malloc_top_pad
 .bss._app_driver
                0x0000000020001cb4        0x4 CMakeFiles/atcmd.dir/usr/share/pico_sdk/lib/tinyusb/src/device/usbd.c.obj
 .bss._cdcd_itf
                0x0000000020001cb8      0x2c8 CMakeFiles/atcmd.dir/usr/share/pico_sdk/lib/tinyusb/src/class/cdc/cdc_device.c.obj
 .bss._ctrl_xfer
                0x0000000020001f80       0x14 CMakeFiles/atcmd.dir/usr/share/pico_sdk/lib/tinyusb/src/device/usbd_control.c.obj